Component: ARM Compiler 5.06 update 6 (build 750) Tool: armlink [4d35ed]

==============================================================================

Image Symbol Table

    Local Symbols

    Symbol Name                              Value     Ov Type        Size  Object(Section)

    RESET                                    0x00000000   Section      192  startup_mkl25z4.o(RESET)
    ../clib/../cmprslib/zerorunl2.c          0x00000000   Number         0  __dczerorl2.o ABSOLUTE
    ../clib/microlib/division.c              0x00000000   Number         0  uidiv.o ABSOLUTE
    ../clib/microlib/division.c              0x00000000   Number         0  idiv.o ABSOLUTE
    ../clib/microlib/init/entry.s            0x00000000   Number         0  entry10a.o ABSOLUTE
    ../clib/microlib/init/entry.s            0x00000000   Number         0  entry5.o ABSOLUTE
    ../clib/microlib/init/entry.s            0x00000000   Number         0  entry2.o ABSOLUTE
    ../clib/microlib/init/entry.s            0x00000000   Number         0  entry9b.o ABSOLUTE
    ../clib/microlib/init/entry.s            0x00000000   Number         0  entry10b.o ABSOLUTE
    ../clib/microlib/init/entry.s            0x00000000   Number         0  entry11a.o ABSOLUTE
    ../clib/microlib/init/entry.s            0x00000000   Number         0  entry8b.o ABSOLUTE
    ../clib/microlib/init/entry.s            0x00000000   Number         0  entry8a.o ABSOLUTE
    ../clib/microlib/init/entry.s            0x00000000   Number         0  entry.o ABSOLUTE
    ../clib/microlib/init/entry.s            0x00000000   Number         0  entry7b.o ABSOLUTE
    ../clib/microlib/init/entry.s            0x00000000   Number         0  entry11b.o ABSOLUTE
    ../clib/microlib/init/entry.s            0x00000000   Number         0  entry9a.o ABSOLUTE
    ../clib/microlib/init/entry.s            0x00000000   Number         0  entry7a.o ABSOLUTE
    ../clib/microlib/string/memcpy.c         0x00000000   Number         0  memcpya.o ABSOLUTE
    ../clib/microlib/string/memcpy.c         0x00000000   Number         0  memcpyb.o ABSOLUTE
    ../clib/microlib/string/memset.c         0x00000000   Number         0  memseta.o ABSOLUTE
    ../clib/microlib/stubs.s                 0x00000000   Number         0  iusefp.o ABSOLUTE
    ../fplib/microlib/fpadd.c                0x00000000   Number         0  fadd.o ABSOLUTE
    ../fplib/microlib/fpdiv.c                0x00000000   Number         0  fdiv.o ABSOLUTE
    ../fplib/microlib/fpepilogue.c           0x00000000   Number         0  fepilogue.o ABSOLUTE
    ../fplib/microlib/fpflt.c                0x00000000   Number         0  fflti.o ABSOLUTE
    ../fplib/microlib/fpmul.c                0x00000000   Number         0  fmul.o ABSOLUTE
    C:\Users\sidha\AppData\Local\Arm\Packs\ARM\CMSIS\5.6.0\CMSIS\RTOS2\RTX\Source\ARM\irq_cm0.s 0x00000000   Number         0  irq_cm0.o ABSOLUTE
    C:\Users\sidha\AppData\Local\Arm\Packs\ARM\CMSIS\5.6.0\CMSIS\RTOS2\RTX\Source\rtx_delay.c 0x00000000   Number         0  rtx_delay.o ABSOLUTE
    C:\Users\sidha\AppData\Local\Arm\Packs\ARM\CMSIS\5.6.0\CMSIS\RTOS2\RTX\Source\rtx_evflags.c 0x00000000   Number         0  rtx_evflags.o ABSOLUTE
    C:\Users\sidha\AppData\Local\Arm\Packs\ARM\CMSIS\5.6.0\CMSIS\RTOS2\RTX\Source\rtx_evr.c 0x00000000   Number         0  rtx_evr.o ABSOLUTE
    C:\Users\sidha\AppData\Local\Arm\Packs\ARM\CMSIS\5.6.0\CMSIS\RTOS2\RTX\Source\rtx_kernel.c 0x00000000   Number         0  rtx_kernel.o ABSOLUTE
    C:\Users\sidha\AppData\Local\Arm\Packs\ARM\CMSIS\5.6.0\CMSIS\RTOS2\RTX\Source\rtx_lib.c 0x00000000   Number         0  rtx_lib.o ABSOLUTE
    C:\Users\sidha\AppData\Local\Arm\Packs\ARM\CMSIS\5.6.0\CMSIS\RTOS2\RTX\Source\rtx_memory.c 0x00000000   Number         0  rtx_memory.o ABSOLUTE
    C:\Users\sidha\AppData\Local\Arm\Packs\ARM\CMSIS\5.6.0\CMSIS\RTOS2\RTX\Source\rtx_mempool.c 0x00000000   Number         0  rtx_mempool.o ABSOLUTE
    C:\Users\sidha\AppData\Local\Arm\Packs\ARM\CMSIS\5.6.0\CMSIS\RTOS2\RTX\Source\rtx_msgqueue.c 0x00000000   Number         0  rtx_msgqueue.o ABSOLUTE
    C:\Users\sidha\AppData\Local\Arm\Packs\ARM\CMSIS\5.6.0\CMSIS\RTOS2\RTX\Source\rtx_mutex.c 0x00000000   Number         0  rtx_mutex.o ABSOLUTE
    C:\Users\sidha\AppData\Local\Arm\Packs\ARM\CMSIS\5.6.0\CMSIS\RTOS2\RTX\Source\rtx_semaphore.c 0x00000000   Number         0  rtx_semaphore.o ABSOLUTE
    C:\Users\sidha\AppData\Local\Arm\Packs\ARM\CMSIS\5.6.0\CMSIS\RTOS2\RTX\Source\rtx_system.c 0x00000000   Number         0  rtx_system.o ABSOLUTE
    C:\Users\sidha\AppData\Local\Arm\Packs\ARM\CMSIS\5.6.0\CMSIS\RTOS2\RTX\Source\rtx_thread.c 0x00000000   Number         0  rtx_thread.o ABSOLUTE
    C:\Users\sidha\AppData\Local\Arm\Packs\ARM\CMSIS\5.6.0\CMSIS\RTOS2\RTX\Source\rtx_timer.c 0x00000000   Number         0  rtx_timer.o ABSOLUTE
    C:\Users\sidha\AppData\Local\Arm\Packs\ARM\CMSIS\5.6.0\CMSIS\RTOS2\Source\os_systick.c 0x00000000   Number         0  os_systick.o ABSOLUTE
[...]
    i.EvrRtxMessageQueuePutPending           0x000008d8   Section        0  rtx_evr.o(i.EvrRtxMessageQueuePutPending)
    i.EvrRtxMessageQueuePutTimeout           0x000008f0   Section        0  rtx_evr.o(i.EvrRtxMessageQueuePutTimeout)
    i.EvrRtxMessageQueueRetrieved            0x00000904   Section        0  rtx_evr.o(i.EvrRtxMessageQueueRetrieved)
    i.EvrRtxThreadBlocked                    0x00000918   Section        0  new_events.o(i.EvrRtxThreadBlocked)
    i.EvrRtxThreadCreated                    0x0000094c   Section        0  new_events.o(i.EvrRtxThreadCreated)
    i.EvrRtxThreadDestroyed                  0x0000096c   Section        0  rtx_evr.o(i.EvrRtxThreadDestroyed)
    i.EvrRtxThreadError                      0x00000980   Section        0  rtx_evr.o(i.EvrRtxThreadError)
    i.EvrRtxThreadExit                       0x00000990   Section        0  rtx_evr.o(i.EvrRtxThreadExit)
    i.EvrRtxThreadFlagsWaitCompleted         0x000009a4   Section        0  rtx_evr.o(i.EvrRtxThreadFlagsWaitCompleted)
    i.EvrRtxThreadFlagsWaitTimeout           0x000009bc   Section        0  rtx_evr.o(i.EvrRtxThreadFlagsWaitTimeout)
    i.EvrRtxThreadJoined                     0x000009d0   Section        0  rtx_evr.o(i.EvrRtxThreadJoined)
    i.EvrRtxThreadNew                        0x000009e4   Section        0  rtx_evr.o(i.EvrRtxThreadNew)
    i.EvrRtxThreadPreempted                  0x000009fc   Section        0  new_events.o(i.EvrRtxThreadPreempted)
    i.EvrRtxThreadSwitched                   0x00000a30   Section        0  new_events.o(i.EvrRtxThreadSwitched)
    i.EvrRtxThreadUnblocked                  0x00000a64   Section        0  rtx_evr.o(i.EvrRtxThreadUnblocked)
    i.GetContext                             0x00000a78   Section        0  eventrecorder.o(i.GetContext)
    GetContext                               0x00000a79   Thumb Code    22  eventrecorder.o(i.GetContext)
    i.Init_ADC                               0x00000a94   Section        0  touchscreen.o(i.Init_ADC)
    i.Init_Debug_Signals                     0x00000ab4   Section        0  debug.o(i.Init_Debug_Signals)
    i.Init_RGB_LEDs                          0x00000bf8   Section        0  leds.o(i.Init_RGB_LEDs)
    i.IsIrqMasked                            0x00000c5c   Section        0  rtx_delay.o(i.IsIrqMasked)
    IsIrqMasked                              0x00000c5d   Thumb Code    12  rtx_delay.o(i.IsIrqMasked)
    i.IsIrqMasked                            0x00000c68   Section        0  rtx_evflags.o(i.IsIrqMasked)
    IsIrqMasked                              0x00000c69   Thumb Code    12  rtx_evflags.o(i.IsIrqMasked)
    i.IsIrqMasked                            0x00000c74   Section        0  rtx_kernel.o(i.IsIrqMasked)
    IsIrqMasked                              0x00000c75   Thumb Code    12  rtx_kernel.o(i.IsIrqMasked)
    i.IsIrqMasked                            0x00000c80   Section        0  rtx_msgqueue.o(i.IsIrqMasked)
    IsIrqMasked                              0x00000c81   Thumb Code    12  rtx_msgqueue.o(i.IsIrqMasked)
    i.IsIrqMasked                            0x00000c8c   Section        0  rtx_thread.o(i.IsIrqMasked)
    IsIrqMasked                              0x00000c8d   Thumb Code    12  rtx_thread.o(i.IsIrqMasked)
    i.IsIrqMode                              0x00000c98   Section        0  rtx_delay.o(i.IsIrqMode)
    IsIrqMode                                0x00000c99   Thumb Code    12  rtx_delay.o(i.IsIrqMode)
    i.IsIrqMode                              0x00000ca4   Section        0  rtx_evflags.o(i.IsIrqMode)
    IsIrqMode                                0x00000ca5   Thumb Code    12  rtx_evflags.o(i.IsIrqMode)
    i.IsIrqMode                              0x00000cb0   Section        0  rtx_kernel.o(i.IsIrqMode)
    IsIrqMode                                0x00000cb1   Thumb Code    12  rtx_kernel.o(i.IsIrqMode)
    i.IsIrqMode                              0x00000cbc   Section        0  rtx_msgqueue.o(i.IsIrqMode)
    IsIrqMode                                0x00000cbd   Thumb Code    12  rtx_msgqueue.o(i.IsIrqMode)
    i.IsIrqMode                              0x00000cc8   Section        0  rtx_thread.o(i.IsIrqMode)
    IsIrqMode                                0x00000cc9   Thumb Code    12  rtx_thread.o(i.IsIrqMode)
    i.LCD_24S_Write_Command                  0x00000cd4   Section        0  st7789.o(i.LCD_24S_Write_Command)
    LCD_24S_Write_Command                    0x00000cd5   Thumb Code    36  st7789.o(i.LCD_24S_Write_Command)
    i.LCD_24S_Write_Data                     0x00000cfc   Section        0  st7789.o(i.LCD_24S_Write_Data)
    LCD_24S_Write_Data                       0x00000cfd   Thumb Code    36  st7789.o(i.LCD_24S_Write_Data)
    i.LCD_Controller_Init                    0x00000d24   Section        0  st7789.o(i.LCD_Controller_Init)
    i.LCD_Draw_Line                          0x00000d88   Section        0  lcd_graphics.o(i.LCD_Draw_Line)
    i.LCD_Erase                              0x00000f94   Section        0  lcd_text.o(i.LCD_Erase)
    i.LCD_Fill_Buffer                        0x00000fa4   Section        0  st7789.o(i.LCD_Fill_Buffer)
    i.LCD_GPIO_Init                          0x00001028   Section        0  st7789.o(i.LCD_GPIO_Init)
    i.LCD_Init                               0x000010e8   Section        0  st7789.o(i.LCD_Init)
    i.LCD_Plot_Pixel                         0x0000114c   Section        0  st7789.o(i.LCD_Plot_Pixel)
    i.LCD_Start_Rectangle                    0x000011be   Section        0  st7789.o(i.LCD_Start_Rectangle)
    i.LCD_TS_Init                            0x00001254   Section        0  touchscreen.o(i.LCD_TS_Init)
    i.LCD_TS_Read                            0x0000125c   Section        0  touchscreen.o(i.LCD_TS_Read)
    i.LCD_Text_GetGlyphWidth                 0x00001400   Section        0  lcd_text.o(i.LCD_Text_GetGlyphWidth)
    i.LCD_Text_Init                          0x00001420   Section        0  lcd_text.o(i.LCD_Text_Init)
    i.LCD_Text_PrintChar                     0x0000147c   Section        0  lcd_text.o(i.LCD_Text_PrintChar)
    i.LCD_Text_PrintStr_RC                   0x000016c0   Section        0  lcd_text.o(i.LCD_Text_PrintStr_RC)
    i.LCD_Write_Rectangle_Pixel              0x00001714   Section        0  st7789.o(i.LCD_Write_Rectangle_Pixel)
    i.MessageQueueGet                        0x00001744   Section        0  rtx_msgqueue.o(i.MessageQueueGet)
    MessageQueueGet                          0x00001745   Thumb Code    60  rtx_msgqueue.o(i.MessageQueueGet)
    i.MessageQueuePut                        0x00001780   Section        0  rtx_msgqueue.o(i.MessageQueuePut)
    MessageQueuePut                          0x00001781   Thumb Code    82  rtx_msgqueue.o(i.MessageQueuePut)
    i.MessageQueueRemove                     0x000017d2   Section        0  rtx_msgqueue.o(i.MessageQueueRemove)
    MessageQueueRemove                       0x000017d3   Thumb Code    32  rtx_msgqueue.o(i.MessageQueueRemove)
    i.OS_Tick_AcknowledgeIRQ                 0x000017f4   Section        0  os_systick.o(i.OS_Tick_AcknowledgeIRQ)
    i.OS_Tick_Enable                         0x00001800   Section        0  os_systick.o(i.OS_Tick_Enable)
    i.OS_Tick_GetIRQn                        0x0000182c   Section        0  os_systick.o(i.OS_Tick_GetIRQn)
    i.OS_Tick_Setup                          0x00001834   Section        0  os_systick.o(i.OS_Tick_Setup)
    i.PIT_IRQHandler                         0x00001884   Section        0  timers.o(i.PIT_IRQHandler)
    i.PWM_Init                               0x00001928   Section        0  timers.o(i.PWM_Init)
    i.SystemInit                             0x00001994   Section        0  system_mkl25z4.o(i.SystemInit)
    i.TPM0_IRQHandler                        0x00001a7c   Section        0  timers.o(i.TPM0_IRQHandler)
    i.ThreadFlagsCheck                       0x00001a8c   Section        0  rtx_thread.o(i.ThreadFlagsCheck)
    ThreadFlagsCheck                         0x00001a8d   Thumb Code    78  rtx_thread.o(i.ThreadFlagsCheck)
    i.Thread_Read_Accelerometer              0x00001adc   Section        0  threads.o(i.Thread_Read_Accelerometer)
    i.Thread_Read_TS                         0x00001b2c   Section        0  threads.o(i.Thread_Read_TS)
    i.Thread_USB_keyboard                    0x00001c5c   Section        0  usb.o(i.Thread_USB_keyboard)
    i.Thread_USB_mouse                       0x00001cec   Section        0  usb.o(i.Thread_USB_mouse)
    i.TimerInsert                            0x00001d80   Section        0  rtx_timer.o(i.TimerInsert)
    TimerInsert                              0x00001d81   Thumb Code    56  rtx_timer.o(i.TimerInsert)
    i.USB0_IRQHandler                        0x00001dbc   Section        0  usb.o(i.USB0_IRQHandler)
    i.USB_SetEndpoint                        0x00001e5c   Section        0  usb.o(i.USB_SetEndpoint)
    i.__ARM_clz                              0x00001e74   Section        0  rtx_mempool.o(i.__ARM_clz)
    i.__ARM_common_switch8                   0x00001ea2   Section        0  rtx_system.o(i.__ARM_common_switch8)
    i.__scatterload_copy                     0x00001ebc   Section       14  handlers.o(i.__scatterload_copy)
    i.__scatterload_null                     0x00001eca   Section        2  handlers.o(i.__scatterload_null)
    i.__scatterload_zeroinit                 0x00001ecc   Section       14  handlers.o(i.__scatterload_zeroinit)
    i.atomic_inc32                           0x00001eda   Section        0  eventrecorder.o(i.atomic_inc32)
    atomic_inc32                             0x00001edb   Thumb Code    22  eventrecorder.o(i.atomic_inc32)
    i.buffer_descriptor_rx_release           0x00001ef0   Section        0  usb.o(i.buffer_descriptor_rx_release)
    i.debug_signal                           0x00001f0c   Section        0  new_events.o(i.debug_signal)
    i.i2c_busy                               0x00001f4c   Section        0  i2c.o(i.i2c_busy)
    i.i2c_init                               0x00001fe4   Section        0  i2c.o(i.i2c_init)
    i.i2c_read_byte                          0x0000203c   Section        0  i2c.o(i.i2c_read_byte)
    i.i2c_read_setup                         0x00002098   Section        0  i2c.o(i.i2c_read_setup)
    i.i2c_repeated_read                      0x000020cc   Section        0  i2c.o(i.i2c_repeated_read)
    i.i2c_start                              0x000020fc   Section        0  i2c.o(i.i2c_start)
    i.i2c_wait                               0x00002114   Section        0  i2c.o(i.i2c_wait)
    i.i2c_write_byte                         0x00002140   Section        0  i2c.o(i.i2c_write_byte)
    i.init_buffer_descriptor                 0x00002178   Section        0  usb.o(i.init_buffer_descriptor)
    init_buffer_descriptor                   0x00002179   Thumb Code    56  usb.o(i.init_buffer_descriptor)
    i.init_mma                               0x000021bc   Section        0  mma8451.o(i.init_mma)
    i.isr_queue_put                          0x000021f4   Section        0  rtx_system.o(i.isr_queue_put)
    isr_queue_put                            0x000021f5   Thumb Code    64  rtx_system.o(i.isr_queue_put)
    i.main                                   0x00002238   Section        0  main.o(i.main)
    i.osDelay                                0x000022b8   Section        0  rtx_delay.o(i.osDelay)
    i.osEventFlagsClear                      0x000022ec   Section        0  rtx_evflags.o(i.osEventFlagsClear)
    i.osEventFlagsNew                        0x0000231c   Section        0  rtx_evflags.o(i.osEventFlagsNew)
    i.osEventFlagsSet                        0x00002340   Section        0  rtx_evflags.o(i.osEventFlagsSet)
    i.osEventFlagsWait                       0x0000238c   Section        0  rtx_evflags.o(i.osEventFlagsWait)
    i.osKernelInitialize                     0x000023e0   Section        0  rtx_kernel.o(i.osKernelInitialize)
    i.osKernelStart                          0x00002414   Section        0  rtx_kernel.o(i.osKernelStart)
    i.osMessageQueueGet                      0x00002444   Section        0  rtx_msgqueue.o(i.osMessageQueueGet)
    i.osMessageQueueNew                      0x000024d8   Section        0  rtx_msgqueue.o(i.osMessageQueueNew)
    i.osMessageQueuePut                      0x00002514   Section        0  rtx_msgqueue.o(i.osMessageQueuePut)
    i.osRtxErrorNotify                       0x000025ac   Section        0  rtx_config.o(i.osRtxErrorNotify)
    i.osRtxEventFlagsPostProcess             0x000025ae   Section        0  rtx_evflags.o(i.osRtxEventFlagsPostProcess)
    osRtxEventFlagsPostProcess               0x000025af   Thumb Code    50  rtx_evflags.o(i.osRtxEventFlagsPostProcess)
    i.osRtxIdleThread                        0x000025e0   Section        0  rtx_config.o(i.osRtxIdleThread)
    i.osRtxKernelPreInit                     0x000025ec   Section        0  rtx_kernel.o(i.osRtxKernelPreInit)
    i.osRtxMemoryAlloc                       0x000025ee   Section        0  rtx_memory.o(i.osRtxMemoryAlloc)
    i.osRtxMemoryFree                        0x0000265a   Section        0  rtx_memory.o(i.osRtxMemoryFree)
    i.osRtxMemoryInit                        0x0000269c   Section        0  rtx_memory.o(i.osRtxMemoryInit)
    i.osRtxMemoryPoolAlloc                   0x000026ce   Section        0  rtx_mempool.o(i.osRtxMemoryPoolAlloc)
    i.osRtxMemoryPoolFree                    0x000026f2   Section        0  rtx_mempool.o(i.osRtxMemoryPoolFree)
    i.osRtxMemoryPoolInit                    0x00002724   Section        0  rtx_mempool.o(i.osRtxMemoryPoolInit)
    i.osRtxMessageQueuePostProcess           0x0000275e   Section        0  rtx_msgqueue.o(i.osRtxMessageQueuePostProcess)
    osRtxMessageQueuePostProcess             0x0000275f   Thumb Code   230  rtx_msgqueue.o(i.osRtxMessageQueuePostProcess)
    i.osRtxMutexOwnerRelease                 0x00002844   Section        0  rtx_mutex.o(i.osRtxMutexOwnerRelease)
    i.osRtxPendSV_Handler                    0x0000288c   Section        0  rtx_system.o(i.osRtxPendSV_Handler)
    i.osRtxPostProcess                       0x000028fc   Section        0  rtx_system.o(i.osRtxPostProcess)
    i.osRtxThreadBlock                       0x00002934   Section        0  rtx_thread.o(i.osRtxThreadBlock)
    osRtxThreadBlock                         0x00002935   Thumb Code    52  rtx_thread.o(i.osRtxThreadBlock)
    i.osRtxThreadDelayInsert                 0x0000296c   Section        0  rtx_thread.o(i.osRtxThreadDelayInsert)
    osRtxThreadDelayInsert                   0x0000296d   Thumb Code    94  rtx_thread.o(i.osRtxThreadDelayInsert)
    i.osRtxThreadDelayRemove                 0x000029d0   Section        0  rtx_thread.o(i.osRtxThreadDelayRemove)
    osRtxThreadDelayRemove                   0x000029d1   Thumb Code    74  rtx_thread.o(i.osRtxThreadDelayRemove)
    i.osRtxThreadDelayTick                   0x00002a20   Section        0  rtx_thread.o(i.osRtxThreadDelayTick)
    i.osRtxThreadDispatch                    0x00002aac   Section        0  rtx_thread.o(i.osRtxThreadDispatch)
    i.osRtxThreadFree                        0x00002b0c   Section        0  rtx_thread.o(i.osRtxThreadFree)
    osRtxThreadFree                          0x00002b0d   Thumb Code    74  rtx_thread.o(i.osRtxThreadFree)
    i.osRtxThreadListGet                     0x00002b5c   Section        0  rtx_thread.o(i.osRtxThreadListGet)
    i.osRtxThreadListPut                     0x00002b72   Section        0  rtx_thread.o(i.osRtxThreadListPut)
    i.osRtxThreadListRemove                  0x00002b98   Section        0  rtx_thread.o(i.osRtxThreadListRemove)
    i.osRtxThreadListRoot                    0x00002bb2   Section        0  rtx_thread.o(i.osRtxThreadListRoot)
    osRtxThreadListRoot                      0x00002bb3   Thumb Code    12  rtx_thread.o(i.osRtxThreadListRoot)
    i.osRtxThreadPostProcess                 0x00002bbe   Section        0  rtx_thread.o(i.osRtxThreadPostProcess)
    osRtxThreadPostProcess                   0x00002bbf   Thumb Code    52  rtx_thread.o(i.osRtxThreadPostProcess)
    i.osRtxThreadReadyPut                    0x00002bf4   Section        0  rtx_thread.o(i.osRtxThreadReadyPut)
    i.osRtxThreadRegPtr                      0x00002c08   Section        0  rtx_thread.o(i.osRtxThreadRegPtr)
    i.osRtxThreadStackCheck                  0x00002c0e   Section        0  rtx_lib.o(i.osRtxThreadStackCheck)
    i.osRtxThreadStartup                     0x00002c10   Section        0  rtx_thread.o(i.osRtxThreadStartup)
    i.osRtxThreadSwitch                      0x00002c50   Section        0  rtx_thread.o(i.osRtxThreadSwitch)
    i.osRtxThreadWaitEnter                   0x00002c6c   Section        0  rtx_thread.o(i.osRtxThreadWaitEnter)
    i.osRtxThreadWaitExit                    0x00002cac   Section        0  rtx_thread.o(i.osRtxThreadWaitExit)
    i.osRtxTick_Handler                      0x00002cd8   Section        0  rtx_system.o(i.osRtxTick_Handler)
    i.osRtxTimerThread                       0x00002d50   Section        0  rtx_timer.o(i.osRtxTimerThread)
    i.osRtxTimerTick                         0x00002d90   Section        0  rtx_timer.o(i.osRtxTimerTick)
    osRtxTimerTick                           0x00002d91   Thumb Code    92  rtx_timer.o(i.osRtxTimerTick)
    i.osThreadExit                           0x00002df0   Section        0  rtx_thread.o(i.osThreadExit)
    i.osThreadNew                            0x00002e08   Section        0  rtx_thread.o(i.osThreadNew)
    i.read_full_xyz                          0x00002e44   Section        0  mma8451.o(i.read_full_xyz)
    i.svcRtxDelay                            0x00002eb4   Section        0  rtx_delay.o(i.svcRtxDelay)
    svcRtxDelay                              0x00002eb5   Thumb Code    38  rtx_delay.o(i.svcRtxDelay)
    i.svcRtxEventFlagsClear                  0x00002ee0   Section        0  rtx_evflags.o(i.svcRtxEventFlagsClear)
    svcRtxEventFlagsClear                    0x00002ee1   Thumb Code    46  rtx_evflags.o(i.svcRtxEventFlagsClear)
    i.svcRtxEventFlagsNew                    0x00002f10   Section        0  rtx_evflags.o(i.svcRtxEventFlagsNew)
    svcRtxEventFlagsNew                      0x00002f11   Thumb Code    96  rtx_evflags.o(i.svcRtxEventFlagsNew)
    i.svcRtxEventFlagsSet                    0x00002f78   Section        0  rtx_evflags.o(i.svcRtxEventFlagsSet)
    svcRtxEventFlagsSet                      0x00002f79   Thumb Code   108  rtx_evflags.o(i.svcRtxEventFlagsSet)
    i.svcRtxEventFlagsWait                   0x00002fe4   Section        0  rtx_evflags.o(i.svcRtxEventFlagsWait)
    svcRtxEventFlagsWait                     0x00002fe5   Thumb Code    84  rtx_evflags.o(i.svcRtxEventFlagsWait)
    i.svcRtxKernelInitialize                 0x0000303c   Section        0  rtx_kernel.o(i.svcRtxKernelInitialize)
    svcRtxKernelInitialize                   0x0000303d   Thumb Code   310  rtx_kernel.o(i.svcRtxKernelInitialize)
    i.svcRtxKernelStart                      0x0000317c   Section        0  rtx_kernel.o(i.svcRtxKernelStart)
    svcRtxKernelStart                        0x0000317d   Thumb Code   126  rtx_kernel.o(i.svcRtxKernelStart)
    i.svcRtxMessageQueueGet                  0x0000320c   Section        0  rtx_msgqueue.o(i.svcRtxMessageQueueGet)
    svcRtxMessageQueueGet                    0x0000320d   Thumb Code   262  rtx_msgqueue.o(i.svcRtxMessageQueueGet)
    i.svcRtxMessageQueueNew                  0x00003318   Section        0  rtx_msgqueue.o(i.svcRtxMessageQueueNew)
    svcRtxMessageQueueNew                    0x00003319   Thumb Code   318  rtx_msgqueue.o(i.svcRtxMessageQueueNew)
    i.svcRtxMessageQueuePut                  0x00003460   Section        0  rtx_msgqueue.o(i.svcRtxMessageQueuePut)
    svcRtxMessageQueuePut                    0x00003461   Thumb Code   240  rtx_msgqueue.o(i.svcRtxMessageQueuePut)
    i.svcRtxThreadExit                       0x00003554   Section        0  rtx_thread.o(i.svcRtxThreadExit)
    svcRtxThreadExit                         0x00003555   Thumb Code   110  rtx_thread.o(i.svcRtxThreadExit)
    i.svcRtxThreadNew                        0x000035c8   Section        0  rtx_thread.o(i.svcRtxThreadNew)
    svcRtxThreadNew                          0x000035c9   Thumb Code   456  rtx_thread.o(i.svcRtxThreadNew)
    i.usb0_endpoint0_handler                 0x000037a8   Section        0  usb.o(i.usb0_endpoint0_handler)
    usb0_endpoint0_handler                   0x000037a9   Thumb Code   136  usb.o(i.usb0_endpoint0_handler)
    i.usb0_endpoint1_handler                 0x0000383c   Section        0  usb.o(i.usb0_endpoint1_handler)
    usb0_endpoint1_handler                   0x0000383d   Thumb Code    80  usb.o(i.usb0_endpoint1_handler)
    i.usb0_endpoint2_handler                 0x00003894   Section        0  usb.o(i.usb0_endpoint2_handler)
    usb0_endpoint2_handler                   0x00003895   Thumb Code    80  usb.o(i.usb0_endpoint2_handler)
    i.usb_endp_setup_handler                 0x000038ec   Section        0  usb.o(i.usb_endp_setup_handler)
    usb_endp_setup_handler                   0x000038ed   Thumb Code   162  usb.o(i.usb_endp_setup_handler)
    i.usb_endpoint_prepare_transmit          0x000039b0   Section        0  usb.o(i.usb_endpoint_prepare_transmit)
    i.usb_init                               0x00003a0c   Section        0  usb.o(i.usb_init)
    .constdata                               0x00003a8c   Section      160  threads.o(.constdata)
    .constdata                               0x00003b2c   Section        4  descriptor.o(.constdata)
    .constdata                               0x00003b30   Section       14  descriptor.o(.constdata)
    .constdata                               0x00003b3e   Section       18  descriptor.o(.constdata)
    .constdata                               0x00003b50   Section       16  descriptor.o(.constdata)
    .constdata                               0x00003b60   Section       18  descriptor.o(.constdata)
    .constdata                               0x00003b72   Section       12  descriptor.o(.constdata)
    .constdata                               0x00003b7e   Section       16  descriptor.o(.constdata)
    .constdata                               0x00003b8e   Section       18  descriptor.o(.constdata)
    .constdata                               0x00003ba0   Section       50  descriptor.o(.constdata)
    .constdata                               0x00003bd2   Section       63  descriptor.o(.constdata)
    .constdata                               0x00003c11   Section       59  descriptor.o(.constdata)
    .constdata                               0x00003c4c   Section       56  descriptor.o(.constdata)
    .constdata                               0x00003c84   Section     3831  lucida_12x19.o(.constdata)
    .constdata                               0x00004b7b   Section      142  st7789.o(.constdata)
    .constdata                               0x00004c0c   Section       32  region.o(.constdata)
    .constdata                               0x00004c2c   Section        4  region.o(.constdata)
    .constdata                               0x00004c30   Section       36  rtx_lib.o(.constdata)
    os_idle_thread_attr                      0x00004c30   Data          36  rtx_lib.o(.constdata)
    .constdata                               0x00004c54   Section       36  rtx_lib.o(.constdata)
    os_timer_thread_attr                     0x00004c54   Data          36  rtx_lib.o(.constdata)
    .constdata                               0x00004c78   Section       24  rtx_lib.o(.constdata)
    os_timer_mq_attr                         0x00004c78   Data          24  rtx_lib.o(.constdata)
    .constdata                               0x00004c90   Section        4  rtx_lib.o(.constdata)
    .constdata                               0x00004c94   Section       24  eventrecorder.o(.constdata)
    __tagsym$$used                           0x00004c94   Number         0  eventrecorder.o(.constdata)
    .conststrlit                             0x00004cac   Section       11  rtx_kernel.o(.conststrlit)
    .rodata                                  0x00004cb8   Section      160  rtx_lib.o(.rodata)
    __tagsym$$used                           0x00004cb8   Number         0  rtx_lib.o(.rodata)
    __tagsym$$used                           0x00004d20   Number         0  rtx_lib.o(.rodata)
    .bss.os                                  0x20000000   Section     4096  rtx_lib.o(.bss.os)
    os_mem                                   0x20000000   Data        4096  rtx_lib.o(.bss.os)
    .bss.os                                  0x20001000   Section       64  rtx_lib.o(.bss.os)
    os_isr_queue                             0x20001000   Data          64  rtx_lib.o(.bss.os)
    .bss.os.msgqueue.cb                      0x20001040   Section       52  rtx_lib.o(.bss.os.msgqueue.cb)
    os_timer_mq_cb                           0x20001040   Data          52  rtx_lib.o(.bss.os.msgqueue.cb)
    .bss.os.msgqueue.mem                     0x20001074   Section       80  rtx_lib.o(.bss.os.msgqueue.mem)
    os_timer_mq_data                         0x20001074   Data          80  rtx_lib.o(.bss.os.msgqueue.mem)
    .bss.os.thread.cb                        0x200010c4   Section       68  rtx_lib.o(.bss.os.thread.cb)
    os_idle_thread_cb                        0x200010c4   Data          68  rtx_lib.o(.bss.os.thread.cb)
    .bss.os.thread.cb                        0x20001108   Section       68  rtx_lib.o(.bss.os.thread.cb)
    os_timer_thread_cb                       0x20001108   Data          68  rtx_lib.o(.bss.os.thread.cb)
    .bss.os.thread.stack                     0x20001150   Section      200  rtx_lib.o(.bss.os.thread.stack)
    os_idle_thread_stack                     0x20001150   Data         200  rtx_lib.o(.bss.os.thread.stack)
    .bss.os.thread.stack                     0x20001218   Section      200  rtx_lib.o(.bss.os.thread.stack)
    os_timer_thread_stack                    0x20001218   Data         200  rtx_lib.o(.bss.os.thread.stack)
    .data                                    0x200012e0   Section       32  threads.o(.data)
    .data                                    0x20001300   Section        4  timers.o(.data)
    .data                                    0x20001304   Section       88  new_events.o(.data)
    i                                        0x20001304   Data           4  new_events.o(.data)
    .data                                    0x2000135c   Section       32  usb.o(.data)
    endpoint0                                0x2000135c   Data          32  usb.o(.data)
    .data                                    0x2000137c   Section       84  usb.o(.data)
    setup                                    0x2000137c   Data           8  usb.o(.data)
    endpoint1                                0x20001384   Data          32  usb.o(.data)
    endpoint2                                0x200013a4   Data          32  usb.o(.data)
    .data                                    0x200013d0   Section        6  usb.o(.data)
    endpoint_2_rx_buf                        0x200013d0   Data           6  usb.o(.data)
    .data                                    0x200013d6   Section        6  usb.o(.data)
    endpoint_2_tx_buf                        0x200013d6   Data           6  usb.o(.data)
    .data                                    0x200013dc   Section        4  i2c.o(.data)
    .data                                    0x200013e0   Section       16  mma8451.o(.data)
    .data                                    0x200013f0   Section       32  lcd_text.o(.data)
    .data                                    0x20001410   Section       40  touchscreen.o(.data)
    xl                                       0x20001412   Data           2  touchscreen.o(.data)
    yu                                       0x20001414   Data           2  touchscreen.o(.data)
    .data                                    0x20001438   Section        4  profile.o(.data)
    .data                                    0x2000143c   Section        4  profile.o(.data)
    .data                                    0x20001440   Section        4  profile.o(.data)
    .data                                    0x20001444   Section        1  profile.o(.data)
    .data                                    0x20001448   Section        4  region.o(.data)
    .data                                    0x2000144c   Section        1  os_systick.o(.data)
    PendST                                   0x2000144c   Data           1  os_systick.o(.data)
    .data                                    0x20001450   Section        4  system_mkl25z4.o(.data)
    .data.os                                 0x20001454   Section      164  rtx_kernel.o(.data.os)
    .bss                                     0x20001600   Section       96  usb.o(.bss)
    .bss                                     0x20001660   Section      128  usb.o(.bss)
    endpoint_0_rx_buf                        0x20001660   Data         128  usb.o(.bss)
    .bss                                     0x200016e0   Section       16  usb.o(.bss)
    endpoint_1_rx_buf                        0x200016e0   Data          16  usb.o(.bss)
    .bss                                     0x200016f0   Section       16  usb.o(.bss)
    endpoint_1_tx_buf                        0x200016f0   Data          16  usb.o(.bss)
    .bss.noinit                              0x20001700   Section     1252  eventrecorder.o(.bss.noinit)
    TimeStamp                                0x20001700   Data           4  eventrecorder.o(.bss.noinit)
    EventBuffer                              0x20001710   Data        1024  eventrecorder.o(.bss.noinit)
    EventFilter                              0x20001b10   Data         128  eventrecorder.o(.bss.noinit)
    EventStatus                              0x20001bc0   Data          36  eventrecorder.o(.bss.noinit)
    STACK                                    0x20001be8   Section      768  startup_mkl25z4.o(STACK)

    Global Symbols

    Symbol Name                              Value     Ov Type        Size  Object(Section)

    BuildAttributes$$THM_ISAv3M$S$PE$A:L22$X:L11$S22$IEEE1$IW$USESV6$~STKCKD$USESV7$~SHL$OTIME$ROPI$EBA8$MICROLIB$REQ8$PRES8$EABIv2 0x00000000   Number         0  anon$$obj.o ABSOLUTE
    __ARM_use_no_argv                        0x00000000   Number         0  main.o ABSOLUTE
    __Vectors                                0x00000000   Data           4  startup_mkl25z4.o(RESET)
    .bss.os.evflags.cb$$Base                  - Undefined Weak Reference
    .bss.os.evflags.cb$$Limit                 - Undefined Weak Reference
    .bss.os.mempool.cb$$Base                  - Undefined Weak Reference
    .bss.os.mempool.cb$$Limit                 - Undefined Weak Reference
    .bss.os.mutex.cb$$Base                    - Undefined Weak Reference
    .bss.os.mutex.cb$$Limit                   - Undefined Weak Reference
    .bss.os.semaphore.cb$$Base                - Undefined Weak Reference
    .bss.os.semaphore.cb$$Limit               - Undefined Weak Reference
    .bss.os.timer.cb$$Base                    - Undefined Weak Reference
    .bss.os.timer.cb$$Limit                   - Undefined Weak Reference
    __cpp_initialize__aeabi_                  - Undefined Weak Reference
    __cxa_finalize                            - Undefined Weak Reference
    _clock_init                               - Undefined Weak Reference
    _microlib_exit                            - Undefined Weak Reference
    __Vectors_End                            0x000000c0   Data           0  startup_mkl25z4.o(RESET)
    __Vectors_Size                           0x000000c0   Number         0  startup_mkl25z4.o ABSOLUTE
    __main                                   0x000000c1   Thumb Code     0  entry.o(.ARM.Collect$$$$00000000)
    _main_stk                                0x000000c1   Thumb Code     0  entry2.o(.ARM.Collect$$$$00000001)
    _main_scatterload                        0x000000c5   Thumb Code     0  entry5.o(.ARM.Collect$$$$00000004)
    __main_after_scatterload                 0x000000c9   Thumb Code     0  entry5.o(.ARM.Collect$$$$00000004)
    _main_clock                              0x000000c9   Thumb Code     0  entry7b.o(.ARM.Collect$$$$00000008)
    _main_cpp_init                           0x000000c9   Thumb Code     0  entry8b.o(.ARM.Collect$$$$0000000A)
    _main_init                               0x000000c9   Thumb Code     0  entry9a.o(.ARM.Collect$$$$0000000B)
    __rt_final_cpp                           0x000000d1   Thumb Code     0  entry10a.o(.ARM.Collect$$$$0000000D)
    __rt_final_exit                          0x000000d1   Thumb Code     0  entry11a.o(.ARM.Collect$$$$0000000F)
    SVC_Handler                              0x000000d5   Thumb Code   132  irq_cm0.o(.text)
    PendSV_Handler                           0x00000159   Thumb Code    12  irq_cm0.o(.text)
    SysTick_Handler                          0x00000165   Thumb Code    12  irq_cm0.o(.text)
    Reset_Handler                            0x00000179   Thumb Code    12  startup_mkl25z4.o(.text)
    NMI_Handler                              0x00000185   Thumb Code     2  startup_mkl25z4.o(.text)
    HardFault_Handler                        0x00000187   Thumb Code     2  startup_mkl25z4.o(.text)
    ADC0_IRQHandler                          0x0000018f   Thumb Code     0  startup_mkl25z4.o(.text)
    CMP0_IRQHandler                          0x0000018f   Thumb Code     0  startup_mkl25z4.o(.text)
    DAC0_IRQHandler                          0x0000018f   Thumb Code     0  startup_mkl25z4.o(.text)
    DMA0_IRQHandler                          0x0000018f   Thumb Code     0  startup_mkl25z4.o(.text)
    DMA1_IRQHandler                          0x0000018f   Thumb Code     0  startup_mkl25z4.o(.text)
    DMA2_IRQHandler                          0x0000018f   Thumb Code     0  startup_mkl25z4.o(.text)
    DMA3_IRQHandler                          0x0000018f   Thumb Code     0  startup_mkl25z4.o(.text)
    DefaultISR                               0x0000018f   Thumb Code     0  startup_mkl25z4.o(.text)
    FTFA_IRQHandler                          0x0000018f   Thumb Code     0  startup_mkl25z4.o(.text)
    I2C0_IRQHandler                          0x0000018f   Thumb Code     0  startup_mkl25z4.o(.text)
    I2C1_IRQHandler                          0x0000018f   Thumb Code     0  startup_mkl25z4.o(.text)
    LLWU_IRQHandler                          0x0000018f   Thumb Code     0  startup_mkl25z4.o(.text)
    LPTMR0_IRQHandler                        0x0000018f   Thumb Code     0  startup_mkl25z4.o(.text)
    LVD_LVW_IRQHandler                       0x0000018f   Thumb Code     0  startup_mkl25z4.o(.text)
    MCG_IRQHandler                           0x0000018f   Thumb Code     0  startup_mkl25z4.o(.text)
    PORTA_IRQHandler                         0x0000018f   Thumb Code     0  startup_mkl25z4.o(.text)
    PORTD_IRQHandler                         0x0000018f   Thumb Code     0  startup_mkl25z4.o(.text)
    RTC_IRQHandler                           0x0000018f   Thumb Code     0  startup_mkl25z4.o(.text)
    RTC_Seconds_IRQHandler                   0x0000018f   Thumb Code     0  startup_mkl25z4.o(.text)
    Reserved20_IRQHandler                    0x0000018f   Thumb Code     0  startup_mkl25z4.o(.text)
    Reserved39_IRQHandler                    0x0000018f   Thumb Code     0  startup_mkl25z4.o(.text)
    Reserved45_IRQHandler                    0x0000018f   Thumb Code     0  startup_mkl25z4.o(.text)
    SPI0_IRQHandler                          0x0000018f   Thumb Code     0  startup_mkl25z4.o(.text)
    SPI1_IRQHandler                          0x0000018f   Thumb Code     0  startup_mkl25z4.o(.text)
    TPM1_IRQHandler                          0x0000018f   Thumb Code     0  startup_mkl25z4.o(.text)
    TPM2_IRQHandler                          0x0000018f   Thumb Code     0  startup_mkl25z4.o(.text)
    TSI0_IRQHandler                          0x0000018f   Thumb Code     0  startup_mkl25z4.o(.text)
    UART0_IRQHandler                         0x0000018f   Thumb Code     0  startup_mkl25z4.o(.text)
    UART1_IRQHandler                         0x0000018f   Thumb Code     0  startup_mkl25z4.o(.text)
    UART2_IRQHandler                         0x0000018f   Thumb Code     0  startup_mkl25z4.o(.text)
    __aeabi_uidiv                            0x000001a1   Thumb Code     0  uidiv.o(.text)
    __aeabi_uidivmod                         0x000001a1   Thumb Code    44  uidiv.o(.text)
    __aeabi_idiv                             0x000001cd   Thumb Code     0  idiv.o(.text)
    __aeabi_idivmod                          0x000001cd   Thumb Code    40  idiv.o(.text)
    __aeabi_memcpy                           0x000001f5   Thumb Code    36  memcpya.o(.text)
    __aeabi_memcpy4                          0x000001f5   Thumb Code     0  memcpya.o(.text)
    __aeabi_memcpy8                          0x000001f5   Thumb Code     0  memcpya.o(.text)
    __aeabi_memset                           0x00000219   Thumb Code    14  memseta.o(.text)
    __aeabi_memset4                          0x00000219   Thumb Code     0  memseta.o(.text)
    __aeabi_memset8                          0x00000219   Thumb Code     0  memseta.o(.text)
    __aeabi_memclr                           0x00000227   Thumb Code     4  memseta.o(.text)
    __aeabi_memclr4                          0x00000227   Thumb Code     0  memseta.o(.text)
    __aeabi_memclr8                          0x00000227   Thumb Code     0  memseta.o(.text)
    _memset$wrapper                          0x0000022b   Thumb Code    18  memseta.o(.text)
    __scatterload                            0x0000023d   Thumb Code    28  init.o(.text)
    __scatterload_rt2                        0x0000023d   Thumb Code     0  init.o(.text)
    __decompress                             0x00000261   Thumb Code     0  __dczerorl2.o(.text)
    __decompress1                            0x00000261   Thumb Code    86  __dczerorl2.o(.text)
    Control_RGB_LEDs                         0x000002b9   Thumb Code    50  leds.o(i.Control_RGB_LEDs)
    Create_OS_Objects                        0x000002f1   Thumb Code   104  threads.o(i.Create_OS_Objects)
    Delay                                    0x00000371   Thumb Code    18  delay.o(i.Delay)
    EvrRtxKernelStart                        0x000003ff   Thumb Code     2  new_events.o(i.EvrRtxKernelStart)
    EventRecord2                             0x00000461   Thumb Code    58  eventrecorder.o(i.EventRecord2)
    EventRecord4                             0x0000049d   Thumb Code    94  eventrecorder.o(i.EventRecord4)
    EventRecorderEnable                      0x000005d9   Thumb Code    74  eventrecorder.o(i.EventRecorderEnable)
    EventRecorderInitialize                  0x00000629   Thumb Code   236  eventrecorder.o(i.EventRecorderInitialize)
    EventRecorderStart                       0x00000731   Thumb Code    36  eventrecorder.o(i.EventRecorderStart)
    EventRecorderTimerGetCount               0x0000075d   Thumb Code    10  eventrecorder.o(i.EventRecorderTimerGetCount)
    EventRecorderTimerGetFreq                0x0000076d   Thumb Code     4  eventrecorder.o(i.EventRecorderTimerGetFreq)
    EventRecorderTimerSetup                  0x00000771   Thumb Code    10  eventrecorder.o(i.EventRecorderTimerSetup)
    EvrRtxDelay                              0x00000781   Thumb Code    14  rtx_evr.o(i.EvrRtxDelay)
    EvrRtxDelayCompleted                     0x00000795   Thumb Code    14  rtx_evr.o(i.EvrRtxDelayCompleted)
    EvrRtxDelayError                         0x000007a9   Thumb Code    16  rtx_evr.o(i.EvrRtxDelayError)
    EvrRtxDelayStarted                       0x000007b9   Thumb Code    14  rtx_evr.o(i.EvrRtxDelayStarted)
    EvrRtxKernelError                        0x000007cd   Thumb Code    16  rtx_evr.o(i.EvrRtxKernelError)
    EvrRtxKernelInitialize                   0x000007dd   Thumb Code    14  rtx_evr.o(i.EvrRtxKernelInitialize)
    EvrRtxKernelInitialized                  0x000007f1   Thumb Code    14  rtx_evr.o(i.EvrRtxKernelInitialized)
    EvrRtxKernelStarted                      0x00000805   Thumb Code    14  rtx_evr.o(i.EvrRtxKernelStarted)
    EvrRtxMessageQueueCreated                0x00000819   Thumb Code    14  rtx_evr.o(i.EvrRtxMessageQueueCreated)
    EvrRtxMessageQueueError                  0x0000082d   Thumb Code    16  rtx_evr.o(i.EvrRtxMessageQueueError)
    EvrRtxMessageQueueGet                    0x0000083d   Thumb Code     2  new_events.o(i.EvrRtxMessageQueueGet)
    EvrRtxMessageQueueGetPending             0x00000841   Thumb Code    20  rtx_evr.o(i.EvrRtxMessageQueueGetPending)
    EvrRtxMessageQueueGetTimeout             0x00000859   Thumb Code    14  rtx_evr.o(i.EvrRtxMessageQueueGetTimeout)
    EvrRtxMessageQueueInsertPending          0x0000086d   Thumb Code    14  rtx_evr.o(i.EvrRtxMessageQueueInsertPending)
    EvrRtxMessageQueueInserted               0x00000881   Thumb Code    14  rtx_evr.o(i.EvrRtxMessageQueueInserted)
    EvrRtxMessageQueueNew                    0x00000895   Thumb Code     2  new_events.o(i.EvrRtxMessageQueueNew)
    EvrRtxMessageQueueNotInserted            0x00000899   Thumb Code    14  rtx_evr.o(i.EvrRtxMessageQueueNotInserted)
    EvrRtxMessageQueueNotRetrieved           0x000008ad   Thumb Code    14  rtx_evr.o(i.EvrRtxMessageQueueNotRetrieved)
    EvrRtxMessageQueuePut                    0x000008c1   Thumb Code    18  rtx_evr.o(i.EvrRtxMessageQueuePut)
    EvrRtxMessageQueuePutPending             0x000008d9   Thumb Code    20  rtx_evr.o(i.EvrRtxMessageQueuePutPending)
    EvrRtxMessageQueuePutTimeout             0x000008f1   Thumb Code    14  rtx_evr.o(i.EvrRtxMessageQueuePutTimeout)
    EvrRtxMessageQueueRetrieved              0x00000905   Thumb Code    14  rtx_evr.o(i.EvrRtxMessageQueueRetrieved)
    EvrRtxThreadBlocked                      0x00000919   Thumb Code    48  new_events.o(i.EvrRtxThreadBlocked)
    EvrRtxThreadCreated                      0x0000094d   Thumb Code    26  new_events.o(i.EvrRtxThreadCreated)
    EvrRtxThreadDestroyed                    0x0000096d   Thumb Code    14  rtx_evr.o(i.EvrRtxThreadDestroyed)
    EvrRtxThreadError                        0x00000981   Thumb Code    16  rtx_evr.o(i.EvrRtxThreadError)
    EvrRtxThreadExit                         0x00000991   Thumb Code    14  rtx_evr.o(i.EvrRtxThreadExit)
    EvrRtxThreadFlagsWaitCompleted           0x000009a5   Thumb Code    18  rtx_evr.o(i.EvrRtxThreadFlagsWaitCompleted)
    EvrRtxThreadFlagsWaitTimeout             0x000009bd   Thumb Code    14  rtx_evr.o(i.EvrRtxThreadFlagsWaitTimeout)
    EvrRtxThreadJoined                       0x000009d1   Thumb Code    14  rtx_evr.o(i.EvrRtxThreadJoined)
    EvrRtxThreadNew                          0x000009e5   Thumb Code    20  rtx_evr.o(i.EvrRtxThreadNew)
    EvrRtxThreadPreempted                    0x000009fd   Thumb Code    48  new_events.o(i.EvrRtxThreadPreempted)
    EvrRtxThreadSwitched                     0x00000a31   Thumb Code    48  new_events.o(i.EvrRtxThreadSwitched)
    EvrRtxThreadUnblocked                    0x00000a65   Thumb Code    14  rtx_evr.o(i.EvrRtxThreadUnblocked)
    Init_ADC                                 0x00000a95   Thumb Code    24  touchscreen.o(i.Init_ADC)
    Init_Debug_Signals                       0x00000ab5   Thumb Code   304  debug.o(i.Init_Debug_Signals)
    Init_RGB_LEDs                            0x00000bf9   Thumb Code    84  leds.o(i.Init_RGB_LEDs)
    LCD_Controller_Init                      0x00000d25   Thumb Code    96  st7789.o(i.LCD_Controller_Init)
    LCD_Draw_Line                            0x00000d89   Thumb Code   522  lcd_graphics.o(i.LCD_Draw_Line)
    LCD_Erase                                0x00000f95   Thumb Code    10  lcd_text.o(i.LCD_Erase)
    LCD_Fill_Buffer                          0x00000fa5   Thumb Code   130  st7789.o(i.LCD_Fill_Buffer)
    LCD_GPIO_Init                            0x00001029   Thumb Code   174  st7789.o(i.LCD_GPIO_Init)
    LCD_Init                                 0x000010e9   Thumb Code    74  st7789.o(i.LCD_Init)
    LCD_Plot_Pixel                           0x0000114d   Thumb Code   114  st7789.o(i.LCD_Plot_Pixel)
    LCD_Start_Rectangle                      0x000011bf   Thumb Code   150  st7789.o(i.LCD_Start_Rectangle)
    LCD_TS_Init                              0x00001255   Thumb Code     8  touchscreen.o(i.LCD_TS_Init)
    LCD_TS_Read                              0x0000125d   Thumb Code   398  touchscreen.o(i.LCD_TS_Read)
    LCD_Text_GetGlyphWidth                   0x00001401   Thumb Code    22  lcd_text.o(i.LCD_Text_GetGlyphWidth)
    LCD_Text_Init                            0x00001421   Thumb Code    58  lcd_text.o(i.LCD_Text_Init)
    LCD_Text_PrintChar                       0x0000147d   Thumb Code   550  lcd_text.o(i.LCD_Text_PrintChar)
    LCD_Text_PrintStr_RC                     0x000016c1   Thumb Code    76  lcd_text.o(i.LCD_Text_PrintStr_RC)
    LCD_Write_Rectangle_Pixel                0x00001715   Thumb Code    48  st7789.o(i.LCD_Write_Rectangle_Pixel)
    OS_Tick_AcknowledgeIRQ                   0x000017f5   Thumb Code     6  os_systick.o(i.OS_Tick_AcknowledgeIRQ)
    OS_Tick_Enable                           0x00001801   Thumb Code    32  os_systick.o(i.OS_Tick_Enable)
    OS_Tick_GetIRQn                          0x0000182d   Thumb Code     6  os_systick.o(i.OS_Tick_GetIRQn)
    OS_Tick_Setup                            0x00001835   Thumb Code    62  os_systick.o(i.OS_Tick_Setup)
    PIT_IRQHandler                           0x00001885   Thumb Code   126  timers.o(i.PIT_IRQHandler)
    PWM_Init                                 0x00001929   Thumb Code    92  timers.o(i.PWM_Init)
    SystemInit                               0x00001995   Thumb Code   186  system_mkl25z4.o(i.SystemInit)
    TPM0_IRQHandler                          0x00001a7d   Thumb Code    12  timers.o(i.TPM0_IRQHandler)
    Thread_Read_Accelerometer                0x00001add   Thumb Code    66  threads.o(i.Thread_Read_Accelerometer)
    Thread_Read_TS                           0x00001b2d   Thumb Code   276  threads.o(i.Thread_Read_TS)
    Thread_USB_keyboard                      0x00001c5d   Thumb Code   130  usb.o(i.Thread_USB_keyboard)
    Thread_USB_mouse                         0x00001ced   Thumb Code   134  usb.o(i.Thread_USB_mouse)
    USB0_IRQHandler                          0x00001dbd   Thumb Code   148  usb.o(i.USB0_IRQHandler)
    USB_SetEndpoint                          0x00001e5d   Thumb Code    20  usb.o(i.USB_SetEndpoint)
    __ARM_clz                                0x00001e75   Thumb Code    46  rtx_mempool.o(i.__ARM_clz)
    __ARM_common_switch8                     0x00001ea3   Thumb Code    26  rtx_system.o(i.__ARM_common_switch8)
    __scatterload_copy                       0x00001ebd   Thumb Code    14  handlers.o(i.__scatterload_copy)
    __scatterload_null                       0x00001ecb   Thumb Code     2  handlers.o(i.__scatterload_null)
    __scatterload_zeroinit                   0x00001ecd   Thumb Code    14  handlers.o(i.__scatterload_zeroinit)
    buffer_descriptor_rx_release             0x00001ef1   Thumb Code    28  usb.o(i.buffer_descriptor_rx_release)
    debug_signal                             0x00001f0d   Thumb Code    64  new_events.o(i.debug_signal)
    i2c_busy                                 0x00001f4d   Thumb Code   148  i2c.o(i.i2c_busy)
    i2c_init                                 0x00001fe5   Thumb Code    76  i2c.o(i.i2c_init)
    i2c_read_byte                            0x0000203d   Thumb Code    88  i2c.o(i.i2c_read_byte)
    i2c_read_setup                           0x00002099   Thumb Code    48  i2c.o(i.i2c_read_setup)
    i2c_repeated_read                        0x000020cd   Thumb Code    44  i2c.o(i.i2c_repeated_read)
    i2c_start                                0x000020fd   Thumb Code    20  i2c.o(i.i2c_start)
    i2c_wait                                 0x00002115   Thumb Code    40  i2c.o(i.i2c_wait)
    i2c_write_byte                           0x00002141   Thumb Code    52  i2c.o(i.i2c_write_byte)
    init_mma                                 0x000021bd   Thumb Code    54  mma8451.o(i.init_mma)
    main                                     0x00002239   Thumb Code   106  main.o(i.main)
    osDelay                                  0x000022b9   Thumb Code    46  rtx_delay.o(i.osDelay)
    osEventFlagsClear                        0x000022ed   Thumb Code    42  rtx_evflags.o(i.osEventFlagsClear)
    osEventFlagsNew                          0x0000231d   Thumb Code    32  rtx_evflags.o(i.osEventFlagsNew)
    osEventFlagsSet                          0x00002341   Thumb Code    72  rtx_evflags.o(i.osEventFlagsSet)
    osEventFlagsWait                         0x0000238d   Thumb Code    80  rtx_evflags.o(i.osEventFlagsWait)
    osKernelInitialize                       0x000023e1   Thumb Code    46  rtx_kernel.o(i.osKernelInitialize)
    osKernelStart                            0x00002415   Thumb Code    42  rtx_kernel.o(i.osKernelStart)
    osMessageQueueGet                        0x00002445   Thumb Code   142  rtx_msgqueue.o(i.osMessageQueueGet)
    osMessageQueueNew                        0x000024d9   Thumb Code    54  rtx_msgqueue.o(i.osMessageQueueNew)
    osMessageQueuePut                        0x00002515   Thumb Code   148  rtx_msgqueue.o(i.osMessageQueuePut)
    osRtxErrorNotify                         0x000025ad   Thumb Code     2  rtx_config.o(i.osRtxErrorNotify)
    osRtxIdleThread                          0x000025e1   Thumb Code     8  rtx_config.o(i.osRtxIdleThread)
    osRtxKernelPreInit                       0x000025ed   Thumb Code     2  rtx_kernel.o(i.osRtxKernelPreInit)
    osRtxMemoryAlloc                         0x000025ef   Thumb Code   108  rtx_memory.o(i.osRtxMemoryAlloc)
    osRtxMemoryFree                          0x0000265b   Thumb Code    66  rtx_memory.o(i.osRtxMemoryFree)
    osRtxMemoryInit                          0x0000269d   Thumb Code    50  rtx_memory.o(i.osRtxMemoryInit)
    osRtxMemoryPoolAlloc                     0x000026cf   Thumb Code    36  rtx_mempool.o(i.osRtxMemoryPoolAlloc)
    osRtxMemoryPoolFree                      0x000026f3   Thumb Code    50  rtx_mempool.o(i.osRtxMemoryPoolFree)
    osRtxMemoryPoolInit                      0x00002725   Thumb Code    58  rtx_mempool.o(i.osRtxMemoryPoolInit)
    osRtxMutexOwnerRelease                   0x00002845   Thumb Code    70  rtx_mutex.o(i.osRtxMutexOwnerRelease)
    osRtxPendSV_Handler                      0x0000288d   Thumb Code   106  rtx_system.o(i.osRtxPendSV_Handler)
    osRtxPostProcess                         0x000028fd   Thumb Code    46  rtx_system.o(i.osRtxPostProcess)
    osRtxThreadDelayTick                     0x00002a21   Thumb Code   134  rtx_thread.o(i.osRtxThreadDelayTick)
    osRtxThreadDispatch                      0x00002aad   Thumb Code    90  rtx_thread.o(i.osRtxThreadDispatch)
    osRtxThreadListGet                       0x00002b5d   Thumb Code    22  rtx_thread.o(i.osRtxThreadListGet)
    osRtxThreadListPut                       0x00002b73   Thumb Code    38  rtx_thread.o(i.osRtxThreadListPut)
    osRtxThreadListRemove                    0x00002b99   Thumb Code    26  rtx_thread.o(i.osRtxThreadListRemove)
    osRtxThreadReadyPut                      0x00002bf5   Thumb Code    16  rtx_thread.o(i.osRtxThreadReadyPut)
    osRtxThreadRegPtr                        0x00002c09   Thumb Code     6  rtx_thread.o(i.osRtxThreadRegPtr)
    osRtxThreadStackCheck                    0x00002c0f   Thumb Code     2  rtx_lib.o(i.osRtxThreadStackCheck)
    osRtxThreadStartup                       0x00002c11   Thumb Code    48  rtx_thread.o(i.osRtxThreadStartup)
    osRtxThreadSwitch                        0x00002c51   Thumb Code    24  rtx_thread.o(i.osRtxThreadSwitch)
    osRtxThreadWaitEnter                     0x00002c6d   Thumb Code    60  rtx_thread.o(i.osRtxThreadWaitEnter)
    osRtxThreadWaitExit                      0x00002cad   Thumb Code    44  rtx_thread.o(i.osRtxThreadWaitExit)
    osRtxTick_Handler                        0x00002cd9   Thumb Code   116  rtx_system.o(i.osRtxTick_Handler)
    osRtxTimerThread                         0x00002d51   Thumb Code    50  rtx_timer.o(i.osRtxTimerThread)
    osThreadExit                             0x00002df1   Thumb Code    20  rtx_thread.o(i.osThreadExit)
    osThreadNew                              0x00002e09   Thumb Code    54  rtx_thread.o(i.osThreadNew)
    read_full_xyz                            0x00002e45   Thumb Code   104  mma8451.o(i.read_full_xyz)
    usb_endpoint_prepare_transmit            0x000039b1   Thumb Code    82  usb.o(i.usb_endpoint_prepare_transmit)
    usb_init                                 0x00003a0d   Thumb Code   106  usb.o(i.usb_init)
    Read_TS_attr                             0x00003a8c   Data          36  threads.o(.constdata)
    USB_keyboard_attr                        0x00003ab0   Data          36  threads.o(.constdata)
    USB_mouse_attr                           0x00003ad4   Data          36  threads.o(.constdata)
    Read_Accelerometer_attr                  0x00003af8   Data          36  threads.o(.constdata)
    e_USB_attr                               0x00003b1c   Data          16  threads.o(.constdata)
    language_descriptor                      0x00003b2c   Data           4  descriptor.o(.constdata)
    manufacturer_string_descriptor           0x00003b30   Data          14  descriptor.o(.constdata)
    product_string_descriptor                0x00003b3e   Data          18  descriptor.o(.constdata)
    serial_string_descriptor                 0x00003b50   Data          16  descriptor.o(.constdata)
    interface_string_descriptor_keyboard     0x00003b60   Data          18  descriptor.o(.constdata)
    interface_string_descriptor_mouse        0x00003b72   Data          12  descriptor.o(.constdata)
    configuration_string_descriptor          0x00003b7e   Data          16  descriptor.o(.constdata)
    device_descriptor                        0x00003b8e   Data          18  descriptor.o(.constdata)
    report_descriptor_mouse                  0x00003ba0   Data          50  descriptor.o(.constdata)
    report_descriptor_keyboard               0x00003bd2   Data          63  descriptor.o(.constdata)
    configuration                            0x00003c11   Data          59  descriptor.o(.constdata)
    string_descriptors                       0x00003c4c   Data          56  descriptor.o(.constdata)
    Lucida_Console12x19                      0x00003c84   Data        3831  lucida_12x19.o(.constdata)
    Init_Seq_ST7789                          0x00004b7b   Data         142  st7789.o(.constdata)
    RegionTable                              0x00004c0c   Data          32  region.o(.constdata)
    NumProfileRegions                        0x00004c2c   Data           4  region.o(.constdata)
    osRtxUserSVC                             0x00004c90   Data           4  rtx_lib.o(.constdata)
    EventRecorderInfo                        0x00004c94   Data          24  eventrecorder.o(.constdata)
    osRtxConfig                              0x00004cb8   Data         104  rtx_lib.o(.rodata)
    os_cb_sections                           0x00004d20   Data          56  rtx_lib.o(.rodata)
    Region$$Table$$Base                      0x00004d58   Number         0  anon$$obj.o(Region$$Table)
    Region$$Table$$Limit                     0x00004d78   Number         0  anon$$obj.o(Region$$Table)
    .bss.os.msgqueue.cb$$Base                0x20001040   Number         0  rtx_lib.o(.bss.os.msgqueue.cb)
    .bss.os.msgqueue.cb$$Limit               0x20001074   Number         0  rtx_lib.o(.bss.os.msgqueue.cb)
    .bss.os.thread.cb$$Base                  0x200010c4   Number         0  rtx_lib.o(.bss.os.thread.cb)
    .bss.os.thread.cb$$Limit                 0x2000114c   Number         0  rtx_lib.o(.bss.os.thread.cb)
    t_Read_TS                                0x200012e0   Data           4  threads.o(.data)
    t_USB_keyboard                           0x200012e4   Data           4  threads.o(.data)
    t_USB_mouse                              0x200012e8   Data           4  threads.o(.data)
    t_Read_Accelerometer                     0x200012ec   Data           4  threads.o(.data)
    e_USB_keyboard_transmit                  0x200012f0   Data           4  threads.o(.data)
    e_USB_mouse_transmit                     0x200012f4   Data           4  threads.o(.data)
    m_USB_keyboard_transmit                  0x200012f8   Data           4  threads.o(.data)
    m_USB_mouse_transmit                     0x200012fc   Data           4  threads.o(.data)
    PC_val                                   0x20001300   Data           4  timers.o(.data)
    Threads_array                            0x20001308   Data          84  new_events.o(.data)
    endpoints                                0x200013c4   Data          12  usb.o(.data)
    I2C_OK                                   0x200013dc   Data           4  i2c.o(.data)
    acc_X                                    0x200013e0   Data           2  mma8451.o(.data)
    acc_Y                                    0x200013e2   Data           2  mma8451.o(.data)
    acc_Z                                    0x200013e4   Data           2  mma8451.o(.data)
    roll                                     0x200013e8   Data           4  mma8451.o(.data)
    pitch                                    0x200013ec   Data           4  mma8451.o(.data)
    font                                     0x200013f0   Data           4  lcd_text.o(.data)
    font_header                              0x200013f4   Data           4  lcd_text.o(.data)
    glyph_index                              0x200013f8   Data           4  lcd_text.o(.data)
    fg                                       0x200013fc   Data           3  lcd_text.o(.data)
    bg                                       0x200013ff   Data           3  lcd_text.o(.data)
    G_LCD_char_width                         0x20001402   Data           1  lcd_text.o(.data)
    G_LCD_char_height                        0x20001403   Data           1  lcd_text.o(.data)
    fonts                                    0x20001404   Data          12  lcd_text.o(.data)
    LCD_TS_Calibrated                        0x20001410   Data           1  touchscreen.o(.data)
    LCD_TS_X_Scale                           0x20001418   Data           4  touchscreen.o(.data)
    LCD_TS_X_Offset                          0x2000141c   Data           4  touchscreen.o(.data)
    LCD_TS_Y_Scale                           0x20001420   Data           4  touchscreen.o(.data)
    LCD_TS_Y_Offset                          0x20001424   Data           4  touchscreen.o(.data)
    TS_Min                                   0x20001428   Data           8  touchscreen.o(.data)
    TS_Max                                   0x20001430   Data           8  touchscreen.o(.data)
    adx_lost                                 0x20001438   Data           4  profile.o(.data)
    num_lost                                 0x2000143c   Data           4  profile.o(.data)
    profile_samples                          0x20001440   Data           4  profile.o(.data)
    profiling_enabled                        0x20001444   Data           1  profile.o(.data)
    RegionCount                              0x20001448   Data           4  region.o(.data)
    SystemCoreClock                          0x20001450   Data           4  system_mkl25z4.o(.data)
    osRtxInfo                                0x20001454   Data         164  rtx_kernel.o(.data.os)
    buffer_descriptor_table                  0x20001600   Data          96  usb.o(.bss)
    __initial_sp                             0x20001ee8   Data           0  startup_mkl25z4.o(STACK)



==============================================================================

Memory Map of the image

  Image Entry point : 0x000000c1

  Load Region LR_IROM1 (Base: 0x00000000, Size: 0x00006270, Max: 0x00020000, ABSOLUTE, COMPRESSED[0x00004e0c])

    Execution Region ER_IROM1 (Exec base: 0x00000000, Load base: 0x00000000, Size: 0x00004d78, Max: 0x00020000, ABSOLUTE)

    Exec Addr    Load Addr    Size         Type   Attr      Idx    E Section Name        Object

    0x00000000   0x00000000   0x000000c0   Data   RO         3380    RESET               startup_mkl25z4.o
    0x000000c0   0x000000c0   0x00000000   Code   RO         3420  * .ARM.Collect$$$$00000000  mc_p.l(entry.o)
    0x000000c0   0x000000c0   0x00000004   Code   RO         3441    .ARM.Collect$$$$00000001  mc_p.l(entry2.o)
    0x000000c4   0x000000c4   0x00000004   Code   RO         3444    .ARM.Collect$$$$00000004  mc_p.l(entry5.o)
    0x000000c8   0x000000c8   0x00000000   Code   RO         3446    .ARM.Collect$$$$00000008  mc_p.l(entry7b.o)
    0x000000c8   0x000000c8   0x00000000   Code   RO         3448    .ARM.Collect$$$$0000000A  mc_p.l(entry8b.o)
    0x000000c8   0x000000c8   0x00000008   Code   RO         3449    .ARM.Collect$$$$0000000B  mc_p.l(entry9a.o)
    0x000000d0   0x000000d0   0x00000000   Code   RO         3451    .ARM.Collect$$$$0000000D  mc_p.l(entry10a.o)
    0x000000d0   0x000000d0   0x00000000   Code   RO         3453    .ARM.Collect$$$$0000000F  mc_p.l(entry11a.o)
    0x000000d0   0x000000d0   0x00000004   Code   RO         3442    .ARM.Collect$$$$00002712  mc_p.l(entry2.o)
    0x000000d4   0x000000d4   0x000000a4   Code   RO         1087    .text               irq_cm0.o
    0x00000178   0x00000178   0x00000028   Code   RO         3382    .text               startup_mkl25z4.o
    0x000001a0   0x000001a0   0x0000002c   Code   RO         3423    .text               mc_p.l(uidiv.o)
    0x000001cc   0x000001cc   0x00000028   Code   RO         3425    .text               mc_p.l(idiv.o)
    0x000001f4   0x000001f4   0x00000024   Code   RO         3427    .text               mc_p.l(memcpya.o)
    0x00000218   0x00000218   0x00000024   Code   RO         3429    .text               mc_p.l(memseta.o)
    0x0000023c   0x0000023c   0x00000024   Code   RO         3458    .text               mc_p.l(init.o)
    0x00000260   0x00000260   0x00000056   Code   RO         3468    .text               mc_p.l(__dczerorl2.o)
    0x000002b6   0x000002b6   0x00000002   PAD
    0x000002b8   0x000002b8   0x00000038   Code   RO           54    i.Control_RGB_LEDs  leds.o
    0x000002f0   0x000002f0   0x00000080   Code   RO          171    i.Create_OS_Objects  threads.o
    0x00000370   0x00000370   0x00000018   Code   RO            3    i.Delay             delay.o
    0x00000388   0x00000388   0x00000028   Code   RO         3265    i.EventCheckFilter  eventrecorder.o
    0x000003b0   0x000003b0   0x0000004e   Code   RO         1157    i.EventFlagsCheck   rtx_evflags.o
    0x000003fe   0x000003fe   0x00000002   Code   RO          350    i.EvrRtxKernelStart  new_events.o
    0x00000400   0x00000400   0x00000010   Code   RO         3381    .ARM.__at_0x400     startup_mkl25z4.o
    0x00000410   0x00000410   0x00000016   Code   RO         1158    i.EventFlagsSet     rtx_evflags.o
    0x00000426   0x00000426   0x00000002   PAD
    0x00000428   0x00000428   0x00000038   Code   RO         3266    i.EventGetTS        eventrecorder.o
    0x00000460   0x00000460   0x0000003a   Code   RO         3267    i.EventRecord2      eventrecorder.o
    0x0000049a   0x0000049a   0x00000002   PAD
    0x0000049c   0x0000049c   0x00000064   Code   RO         3268    i.EventRecord4      eventrecorder.o
    0x00000500   0x00000500   0x000000d8   Code   RO         3270    i.EventRecordItem   eventrecorder.o
    0x000005d8   0x000005d8   0x00000050   Code   RO         3273    i.EventRecorderEnable  eventrecorder.o
    0x00000628   0x00000628   0x00000108   Code   RO         3274    i.EventRecorderInitialize  eventrecorder.o
    0x00000730   0x00000730   0x0000002c   Code   RO         3275    i.EventRecorderStart  eventrecorder.o
    0x0000075c   0x0000075c   0x00000010   Code   RO         3277    i.EventRecorderTimerGetCount  eventrecorder.o
    0x0000076c   0x0000076c   0x00000004   Code   RO         3278    i.EventRecorderTimerGetFreq  eventrecorder.o
    0x00000770   0x00000770   0x00000010   Code   RO         3279    i.EventRecorderTimerSetup  eventrecorder.o
    0x00000780   0x00000780   0x00000014   Code   RO         1276    i.EvrRtxDelay       rtx_evr.o
    0x00000794   0x00000794   0x00000014   Code   RO         1277    i.EvrRtxDelayCompleted  rtx_evr.o
    0x000007a8   0x000007a8   0x00000010   Code   RO         1278    i.EvrRtxDelayError  rtx_evr.o
    0x000007b8   0x000007b8   0x00000014   Code   RO         1279    i.EvrRtxDelayStarted  rtx_evr.o
    0x000007cc   0x000007cc   0x00000010   Code   RO         1282    i.EvrRtxKernelError  rtx_evr.o
    0x000007dc   0x000007dc   0x00000014   Code   RO         1290    i.EvrRtxKernelInitialize  rtx_evr.o
    0x000007f0   0x000007f0   0x00000014   Code   RO         1291    i.EvrRtxKernelInitialized  rtx_evr.o
    0x00000804   0x00000804   0x00000014   Code   RO         1299    i.EvrRtxKernelStarted  rtx_evr.o
    0x00000818   0x00000818   0x00000014   Code   RO         1304    i.EvrRtxMessageQueueCreated  rtx_evr.o
    0x0000082c   0x0000082c   0x00000010   Code   RO         1307    i.EvrRtxMessageQueueError  rtx_evr.o
    0x0000083c   0x0000083c   0x00000002   Code   RO          351    i.EvrRtxMessageQueueGet  new_events.o
    0x0000083e   0x0000083e   0x00000002   PAD
    0x00000840   0x00000840   0x00000018   Code   RO         1313    i.EvrRtxMessageQueueGetPending  rtx_evr.o
    0x00000858   0x00000858   0x00000014   Code   RO         1315    i.EvrRtxMessageQueueGetTimeout  rtx_evr.o
    0x0000086c   0x0000086c   0x00000014   Code   RO         1316    i.EvrRtxMessageQueueInsertPending  rtx_evr.o
    0x00000880   0x00000880   0x00000014   Code   RO         1317    i.EvrRtxMessageQueueInserted  rtx_evr.o
    0x00000894   0x00000894   0x00000002   Code   RO          352    i.EvrRtxMessageQueueNew  new_events.o
    0x00000896   0x00000896   0x00000002   PAD
    0x00000898   0x00000898   0x00000014   Code   RO         1319    i.EvrRtxMessageQueueNotInserted  rtx_evr.o
    0x000008ac   0x000008ac   0x00000014   Code   RO         1320    i.EvrRtxMessageQueueNotRetrieved  rtx_evr.o
    0x000008c0   0x000008c0   0x00000018   Code   RO         1321    i.EvrRtxMessageQueuePut  rtx_evr.o
    0x000008d8   0x000008d8   0x00000018   Code   RO         1322    i.EvrRtxMessageQueuePutPending  rtx_evr.o
    0x000008f0   0x000008f0   0x00000014   Code   RO         1323    i.EvrRtxMessageQueuePutTimeout  rtx_evr.o
    0x00000904   0x00000904   0x00000014   Code   RO         1326    i.EvrRtxMessageQueueRetrieved  rtx_evr.o
    0x00000918   0x00000918   0x00000034   Code   RO          353    i.EvrRtxThreadBlocked  new_events.o
    0x0000094c   0x0000094c   0x00000020   Code   RO          354    i.EvrRtxThreadCreated  new_events.o
    0x0000096c   0x0000096c   0x00000014   Code   RO         1329    i.EvrRtxThreadDestroyed  rtx_evr.o
    0x00000980   0x00000980   0x00000010   Code   RO         1333    i.EvrRtxThreadError  rtx_evr.o
    0x00000990   0x00000990   0x00000014   Code   RO         1334    i.EvrRtxThreadExit  rtx_evr.o
    0x000009a4   0x000009a4   0x00000018   Code   RO         1342    i.EvrRtxThreadFlagsWaitCompleted  rtx_evr.o
    0x000009bc   0x000009bc   0x00000014   Code   RO         1345    i.EvrRtxThreadFlagsWaitTimeout  rtx_evr.o
    0x000009d0   0x000009d0   0x00000014   Code   RO         1355    i.EvrRtxThreadJoined  rtx_evr.o
    0x000009e4   0x000009e4   0x00000018   Code   RO         1356    i.EvrRtxThreadNew   rtx_evr.o
    0x000009fc   0x000009fc   0x00000034   Code   RO          355    i.EvrRtxThreadPreempted  new_events.o
    0x00000a30   0x00000a30   0x00000034   Code   RO          356    i.EvrRtxThreadSwitched  new_events.o
    0x00000a64   0x00000a64   0x00000014   Code   RO         1366    i.EvrRtxThreadUnblocked  rtx_evr.o
    0x00000a78   0x00000a78   0x0000001c   Code   RO         3280    i.GetContext        eventrecorder.o
    0x00000a94   0x00000a94   0x00000020   Code   RO          857    i.Init_ADC          touchscreen.o
    0x00000ab4   0x00000ab4   0x00000144   Code   RO          330    i.Init_Debug_Signals  debug.o
    0x00000bf8   0x00000bf8   0x00000064   Code   RO           55    i.Init_RGB_LEDs     leds.o
    0x00000c5c   0x00000c5c   0x0000000c   Code   RO         1093    i.IsIrqMasked       rtx_delay.o
    0x00000c68   0x00000c68   0x0000000c   Code   RO         1159    i.IsIrqMasked       rtx_evflags.o
    0x00000c74   0x00000c74   0x0000000c   Code   RO         1842    i.IsIrqMasked       rtx_kernel.o
    0x00000c80   0x00000c80   0x0000000c   Code   RO         2262    i.IsIrqMasked       rtx_msgqueue.o
    0x00000c8c   0x00000c8c   0x0000000c   Code   RO         2677    i.IsIrqMasked       rtx_thread.o
    0x00000c98   0x00000c98   0x0000000c   Code   RO         1094    i.IsIrqMode         rtx_delay.o
    0x00000ca4   0x00000ca4   0x0000000c   Code   RO         1160    i.IsIrqMode         rtx_evflags.o
    0x00000cb0   0x00000cb0   0x0000000c   Code   RO         1843    i.IsIrqMode         rtx_kernel.o
    0x00000cbc   0x00000cbc   0x0000000c   Code   RO         2263    i.IsIrqMode         rtx_msgqueue.o
    0x00000cc8   0x00000cc8   0x0000000c   Code   RO         2678    i.IsIrqMode         rtx_thread.o
    0x00000cd4   0x00000cd4   0x00000028   Code   RO          908    i.LCD_24S_Write_Command  st7789.o
    0x00000cfc   0x00000cfc   0x00000028   Code   RO          909    i.LCD_24S_Write_Data  st7789.o
    0x00000d24   0x00000d24   0x00000064   Code   RO          910    i.LCD_Controller_Init  st7789.o
    0x00000d88   0x00000d88   0x0000020a   Code   RO          726    i.LCD_Draw_Line     lcd_graphics.o
    0x00000f92   0x00000f92   0x00000002   PAD
    0x00000f94   0x00000f94   0x00000010   Code   RO          766    i.LCD_Erase         lcd_text.o
    0x00000fa4   0x00000fa4   0x00000082   Code   RO          911    i.LCD_Fill_Buffer   st7789.o
    0x00001026   0x00001026   0x00000002   PAD
    0x00001028   0x00001028   0x000000c0   Code   RO          913    i.LCD_GPIO_Init     st7789.o
    0x000010e8   0x000010e8   0x00000064   Code   RO          914    i.LCD_Init          st7789.o
    0x0000114c   0x0000114c   0x00000072   Code   RO          915    i.LCD_Plot_Pixel    st7789.o
    0x000011be   0x000011be   0x00000096   Code   RO          920    i.LCD_Start_Rectangle  st7789.o
    0x00001254   0x00001254   0x00000008   Code   RO          860    i.LCD_TS_Init       touchscreen.o
    0x0000125c   0x0000125c   0x000001a4   Code   RO          861    i.LCD_TS_Read       touchscreen.o
    0x00001400   0x00001400   0x00000020   Code   RO          767    i.LCD_Text_GetGlyphWidth  lcd_text.o
    0x00001420   0x00001420   0x0000005c   Code   RO          768    i.LCD_Text_Init     lcd_text.o
    0x0000147c   0x0000147c   0x00000244   Code   RO          769    i.LCD_Text_PrintChar  lcd_text.o
    0x000016c0   0x000016c0   0x00000054   Code   RO          771    i.LCD_Text_PrintStr_RC  lcd_text.o
    0x00001714   0x00001714   0x00000030   Code   RO          921    i.LCD_Write_Rectangle_Pixel  st7789.o
    0x00001744   0x00001744   0x0000003c   Code   RO         2264    i.MessageQueueGet   rtx_msgqueue.o
    0x00001780   0x00001780   0x00000052   Code   RO         2265    i.MessageQueuePut   rtx_msgqueue.o
    0x000017d2   0x000017d2   0x00000020   Code   RO         2266    i.MessageQueueRemove  rtx_msgqueue.o
    0x000017f2   0x000017f2   0x00000002   PAD
    0x000017f4   0x000017f4   0x0000000c   Code   RO         3169    i.OS_Tick_AcknowledgeIRQ  os_systick.o
    0x00001800   0x00001800   0x0000002c   Code   RO         3171    i.OS_Tick_Enable    os_systick.o
    0x0000182c   0x0000182c   0x00000006   Code   RO         3174    i.OS_Tick_GetIRQn   os_systick.o
    0x00001832   0x00001832   0x00000002   PAD
    0x00001834   0x00001834   0x00000050   Code   RO         3177    i.OS_Tick_Setup     os_systick.o
    0x00001884   0x00001884   0x000000a4   Code   RO          244    i.PIT_IRQHandler    timers.o
    0x00001928   0x00001928   0x0000006c   Code   RO          248    i.PWM_Init          timers.o
    0x00001994   0x00001994   0x000000e8   Code   RO         3391    i.SystemInit        system_mkl25z4.o
    0x00001a7c   0x00001a7c   0x00000010   Code   RO          250    i.TPM0_IRQHandler   timers.o
    0x00001a8c   0x00001a8c   0x0000004e   Code   RO         2679    i.ThreadFlagsCheck  rtx_thread.o
    0x00001ada   0x00001ada   0x00000002   PAD
    0x00001adc   0x00001adc   0x00000050   Code   RO          172    i.Thread_Read_Accelerometer  threads.o
    0x00001b2c   0x00001b2c   0x00000130   Code   RO          173    i.Thread_Read_TS    threads.o
    0x00001c5c   0x00001c5c   0x00000090   Code   RO          472    i.Thread_USB_keyboard  usb.o
    0x00001cec   0x00001cec   0x00000094   Code   RO          473    i.Thread_USB_mouse  usb.o
    0x00001d80   0x00001d80   0x0000003c   Code   RO         3057    i.TimerInsert       rtx_timer.o
    0x00001dbc   0x00001dbc   0x000000a0   Code   RO          474    i.USB0_IRQHandler   usb.o
    0x00001e5c   0x00001e5c   0x00000018   Code   RO          475    i.USB_SetEndpoint   usb.o
    0x00001e74   0x00001e74   0x0000002e   Code   RO         2251    i.__ARM_clz         rtx_mempool.o
    0x00001ea2   0x00001ea2   0x0000001a   Code   RO         2661    i.__ARM_common_switch8  rtx_system.o
    0x00001ebc   0x00001ebc   0x0000000e   Code   RO         3462    i.__scatterload_copy  mc_p.l(handlers.o)
    0x00001eca   0x00001eca   0x00000002   Code   RO         3463    i.__scatterload_null  mc_p.l(handlers.o)
    0x00001ecc   0x00001ecc   0x0000000e   Code   RO         3464    i.__scatterload_zeroinit  mc_p.l(handlers.o)
    0x00001eda   0x00001eda   0x00000016   Code   RO         3281    i.atomic_inc32      eventrecorder.o
    0x00001ef0   0x00001ef0   0x0000001c   Code   RO          476    i.buffer_descriptor_rx_release  usb.o
    0x00001f0c   0x00001f0c   0x00000040   Code   RO          358    i.debug_signal      new_events.o
    0x00001f4c   0x00001f4c   0x00000098   Code   RO          575    i.i2c_busy          i2c.o
    0x00001fe4   0x00001fe4   0x00000058   Code   RO          576    i.i2c_init          i2c.o
    0x0000203c   0x0000203c   0x0000005c   Code   RO          577    i.i2c_read_byte     i2c.o
    0x00002098   0x00002098   0x00000034   Code   RO          578    i.i2c_read_setup    i2c.o
    0x000020cc   0x000020cc   0x00000030   Code   RO          579    i.i2c_repeated_read  i2c.o
    0x000020fc   0x000020fc   0x00000018   Code   RO          580    i.i2c_start         i2c.o
    0x00002114   0x00002114   0x0000002c   Code   RO          581    i.i2c_wait          i2c.o
    0x00002140   0x00002140   0x00000038   Code   RO          582    i.i2c_write_byte    i2c.o
    0x00002178   0x00002178   0x00000044   Code   RO          477    i.init_buffer_descriptor  usb.o
    0x000021bc   0x000021bc   0x00000036   Code   RO          646    i.init_mma          mma8451.o
    0x000021f2   0x000021f2   0x00000002   PAD
    0x000021f4   0x000021f4   0x00000044   Code   RO         2629    i.isr_queue_put     rtx_system.o
    0x00002238   0x00002238   0x00000080   Code   RO           86    i.main              main.o
    0x000022b8   0x000022b8   0x00000034   Code   RO         1095    i.osDelay           rtx_delay.o
    0x000022ec   0x000022ec   0x00000030   Code   RO         1161    i.osEventFlagsClear  rtx_evflags.o
    0x0000231c   0x0000231c   0x00000024   Code   RO         1165    i.osEventFlagsNew   rtx_evflags.o
    0x00002340   0x00002340   0x0000004c   Code   RO         1166    i.osEventFlagsSet   rtx_evflags.o
    0x0000238c   0x0000238c   0x00000054   Code   RO         1167    i.osEventFlagsWait  rtx_evflags.o
    0x000023e0   0x000023e0   0x00000034   Code   RO         1850    i.osKernelInitialize  rtx_kernel.o
    0x00002414   0x00002414   0x00000030   Code   RO         1854    i.osKernelStart     rtx_kernel.o
    0x00002444   0x00002444   0x00000094   Code   RO         2268    i.osMessageQueueGet  rtx_msgqueue.o
    0x000024d8   0x000024d8   0x0000003c   Code   RO         2274    i.osMessageQueueNew  rtx_msgqueue.o
    0x00002514   0x00002514   0x00000098   Code   RO         2275    i.osMessageQueuePut  rtx_msgqueue.o
    0x000025ac   0x000025ac   0x00000002   Code   RO         3239    i.osRtxErrorNotify  rtx_config.o
    0x000025ae   0x000025ae   0x00000032   Code   RO         1168    i.osRtxEventFlagsPostProcess  rtx_evflags.o
    0x000025e0   0x000025e0   0x0000000c   Code   RO         3240    i.osRtxIdleThread   rtx_config.o
    0x000025ec   0x000025ec   0x00000002   Code   RO         1857    i.osRtxKernelPreInit  rtx_kernel.o
    0x000025ee   0x000025ee   0x0000006c   Code   RO         2073    i.osRtxMemoryAlloc  rtx_memory.o
    0x0000265a   0x0000265a   0x00000042   Code   RO         2074    i.osRtxMemoryFree   rtx_memory.o
    0x0000269c   0x0000269c   0x00000032   Code   RO         2075    i.osRtxMemoryInit   rtx_memory.o
    0x000026ce   0x000026ce   0x00000024   Code   RO         2122    i.osRtxMemoryPoolAlloc  rtx_mempool.o
    0x000026f2   0x000026f2   0x00000032   Code   RO         2123    i.osRtxMemoryPoolFree  rtx_mempool.o
    0x00002724   0x00002724   0x0000003a   Code   RO         2124    i.osRtxMemoryPoolInit  rtx_mempool.o
    0x0000275e   0x0000275e   0x000000e6   Code   RO         2277    i.osRtxMessageQueuePostProcess  rtx_msgqueue.o
    0x00002844   0x00002844   0x00000046   Code   RO         2430    i.osRtxMutexOwnerRelease  rtx_mutex.o
    0x0000288a   0x0000288a   0x00000002   PAD
    0x0000288c   0x0000288c   0x00000070   Code   RO         2630    i.osRtxPendSV_Handler  rtx_system.o
    0x000028fc   0x000028fc   0x00000038   Code   RO         2631    i.osRtxPostProcess  rtx_system.o
    0x00002934   0x00002934   0x00000038   Code   RO         2681    i.osRtxThreadBlock  rtx_thread.o
    0x0000296c   0x0000296c   0x00000064   Code   RO         2682    i.osRtxThreadDelayInsert  rtx_thread.o
    0x000029d0   0x000029d0   0x00000050   Code   RO         2683    i.osRtxThreadDelayRemove  rtx_thread.o
    0x00002a20   0x00002a20   0x0000008c   Code   RO         2684    i.osRtxThreadDelayTick  rtx_thread.o
    0x00002aac   0x00002aac   0x00000060   Code   RO         2685    i.osRtxThreadDispatch  rtx_thread.o
    0x00002b0c   0x00002b0c   0x00000050   Code   RO         2686    i.osRtxThreadFree   rtx_thread.o
    0x00002b5c   0x00002b5c   0x00000016   Code   RO         2687    i.osRtxThreadListGet  rtx_thread.o
    0x00002b72   0x00002b72   0x00000026   Code   RO         2688    i.osRtxThreadListPut  rtx_thread.o
    0x00002b98   0x00002b98   0x0000001a   Code   RO         2689    i.osRtxThreadListRemove  rtx_thread.o
    0x00002bb2   0x00002bb2   0x0000000c   Code   RO         2690    i.osRtxThreadListRoot  rtx_thread.o
    0x00002bbe   0x00002bbe   0x00000034   Code   RO         2693    i.osRtxThreadPostProcess  rtx_thread.o
    0x00002bf2   0x00002bf2   0x00000002   PAD
    0x00002bf4   0x00002bf4   0x00000014   Code   RO         2694    i.osRtxThreadReadyPut  rtx_thread.o
    0x00002c08   0x00002c08   0x00000006   Code   RO         2695    i.osRtxThreadRegPtr  rtx_thread.o
    0x00002c0e   0x00002c0e   0x00000002   Code   RO         2032    i.osRtxThreadStackCheck  rtx_lib.o
    0x00002c10   0x00002c10   0x00000040   Code   RO         2697    i.osRtxThreadStartup  rtx_thread.o
    0x00002c50   0x00002c50   0x0000001c   Code   RO         2698    i.osRtxThreadSwitch  rtx_thread.o
    0x00002c6c   0x00002c6c   0x00000040   Code   RO         2699    i.osRtxThreadWaitEnter  rtx_thread.o
    0x00002cac   0x00002cac   0x0000002c   Code   RO         2700    i.osRtxThreadWaitExit  rtx_thread.o
    0x00002cd8   0x00002cd8   0x00000078   Code   RO         2632    i.osRtxTick_Handler  rtx_system.o
    0x00002d50   0x00002d50   0x00000040   Code   RO         3059    i.osRtxTimerThread  rtx_timer.o
    0x00002d90   0x00002d90   0x00000060   Code   RO         3060    i.osRtxTimerTick    rtx_timer.o
    0x00002df0   0x00002df0   0x00000018   Code   RO         2703    i.osThreadExit      rtx_thread.o
    0x00002e08   0x00002e08   0x0000003c   Code   RO         2716    i.osThreadNew       rtx_thread.o
    0x00002e44   0x00002e44   0x00000070   Code   RO          647    i.read_full_xyz     mma8451.o
    0x00002eb4   0x00002eb4   0x0000002c   Code   RO         1097    i.svcRtxDelay       rtx_delay.o
    0x00002ee0   0x00002ee0   0x0000002e   Code   RO         1169    i.svcRtxEventFlagsClear  rtx_evflags.o
    0x00002f0e   0x00002f0e   0x00000002   PAD
    0x00002f10   0x00002f10   0x00000068   Code   RO         1173    i.svcRtxEventFlagsNew  rtx_evflags.o
    0x00002f78   0x00002f78   0x0000006c   Code   RO         1174    i.svcRtxEventFlagsSet  rtx_evflags.o
    0x00002fe4   0x00002fe4   0x00000058   Code   RO         1175    i.svcRtxEventFlagsWait  rtx_evflags.o
    0x0000303c   0x0000303c   0x00000140   Code   RO         1864    i.svcRtxKernelInitialize  rtx_kernel.o
    0x0000317c   0x0000317c   0x00000090   Code   RO         1868    i.svcRtxKernelStart  rtx_kernel.o
    0x0000320c   0x0000320c   0x0000010c   Code   RO         2279    i.svcRtxMessageQueueGet  rtx_msgqueue.o
    0x00003318   0x00003318   0x00000148   Code   RO         2285    i.svcRtxMessageQueueNew  rtx_msgqueue.o
    0x00003460   0x00003460   0x000000f4   Code   RO         2286    i.svcRtxMessageQueuePut  rtx_msgqueue.o
    0x00003554   0x00003554   0x00000074   Code   RO         2724    i.svcRtxThreadExit  rtx_thread.o
    0x000035c8   0x000035c8   0x000001e0   Code   RO         2737    i.svcRtxThreadNew   rtx_thread.o
    0x000037a8   0x000037a8   0x00000094   Code   RO          478    i.usb0_endpoint0_handler  usb.o
    0x0000383c   0x0000383c   0x00000058   Code   RO          479    i.usb0_endpoint1_handler  usb.o
    0x00003894   0x00003894   0x00000058   Code   RO          480    i.usb0_endpoint2_handler  usb.o
    0x000038ec   0x000038ec   0x000000c4   Code   RO          481    i.usb_endp_setup_handler  usb.o
    0x000039b0   0x000039b0   0x0000005c   Code   RO          482    i.usb_endpoint_prepare_transmit  usb.o
    0x00003a0c   0x00003a0c   0x00000080   Code   RO          483    i.usb_init          usb.o
    0x00003a8c   0x00003a8c   0x000000a0   Data   RO          174    .constdata          threads.o
    0x00003b2c   0x00003b2c   0x00000004   Data   RO          444    .constdata          descriptor.o
    0x00003b30   0x00003b30   0x0000000e   Data   RO          445    .constdata          descriptor.o
    0x00003b3e   0x00003b3e   0x00000012   Data   RO          446    .constdata          descriptor.o
    0x00003b50   0x00003b50   0x00000010   Data   RO          447    .constdata          descriptor.o
    0x00003b60   0x00003b60   0x00000012   Data   RO          448    .constdata          descriptor.o
    0x00003b72   0x00003b72   0x0000000c   Data   RO          449    .constdata          descriptor.o
    0x00003b7e   0x00003b7e   0x00000010   Data   RO          450    .constdata          descriptor.o
    0x00003b8e   0x00003b8e   0x00000012   Data   RO          451    .constdata          descriptor.o
    0x00003ba0   0x00003ba0   0x00000032   Data   RO          452    .constdata          descriptor.o
    0x00003bd2   0x00003bd2   0x0000003f   Data   RO          453    .constdata          descriptor.o
    0x00003c11   0x00003c11   0x0000003b   Data   RO          454    .constdata          descriptor.o
    0x00003c4c   0x00003c4c   0x00000038   Data   RO          455    .constdata          descriptor.o
    0x00003c84   0x00003c84   0x00000ef7   Data   RO          706    .constdata          lucida_12x19.o
    0x00004b7b   0x00004b7b   0x0000008e   Data   RO          923    .constdata          st7789.o
    0x00004c09   0x00004c09   0x00000003   PAD
    0x00004c0c   0x00004c0c   0x00000020   Data   RO         1071    .constdata          region.o
    0x00004c2c   0x00004c2c   0x00000004   Data   RO         1072    .constdata          region.o
    0x00004c30   0x00004c30   0x00000024   Data   RO         2041    .constdata          rtx_lib.o
    0x00004c54   0x00004c54   0x00000024   Data   RO         2042    .constdata          rtx_lib.o
    0x00004c78   0x00004c78   0x00000018   Data   RO         2043    .constdata          rtx_lib.o
    0x00004c90   0x00004c90   0x00000004   Data   RO         2044    .constdata          rtx_lib.o
    0x00004c94   0x00004c94   0x00000018   Data   RO         3283    .constdata          eventrecorder.o
    0x00004cac   0x00004cac   0x0000000b   Data   RO         1871    .conststrlit        rtx_kernel.o
    0x00004cb7   0x00004cb7   0x00000001   PAD
    0x00004cb8   0x00004cb8   0x000000a0   Data   RO         2046    .rodata             rtx_lib.o
    0x00004d58   0x00004d58   0x00000020   Data   RO         3460    Region$$Table       anon$$obj.o


    Execution Region RW_IRAM1 (Exec base: 0x20000000, Load base: 0x00004d78, Size: 0x00001ee8, Max: 0x00004000, ABSOLUTE, COMPRESSED[0x00000094])

    Exec Addr    Load Addr    Size         Type   Attr      Idx    E Section Name        Object

    0x20000000   COMPRESSED   0x00001000   Data   RW         2033    .bss.os             rtx_lib.o
    0x20001000   COMPRESSED   0x00000040   Data   RW         2034    .bss.os             rtx_lib.o
    0x20001040   COMPRESSED   0x00000034   Data   RW         2035    .bss.os.msgqueue.cb  rtx_lib.o
    0x20001074   COMPRESSED   0x00000050   Data   RW         2036    .bss.os.msgqueue.mem  rtx_lib.o
    0x200010c4   COMPRESSED   0x00000044   Data   RW         2037    .bss.os.thread.cb   rtx_lib.o
    0x20001108   COMPRESSED   0x00000044   Data   RW         2038    .bss.os.thread.cb   rtx_lib.o
    0x2000114c   COMPRESSED   0x00000004   PAD
    0x20001150   COMPRESSED   0x000000c8   Data   RW         2039    .bss.os.thread.stack  rtx_lib.o
    0x20001218   COMPRESSED   0x000000c8   Data   RW         2040    .bss.os.thread.stack  rtx_lib.o
    0x200012e0   COMPRESSED   0x00000020   Data   RW          175    .data               threads.o
    0x20001300   COMPRESSED   0x00000004   Data   RW          255    .data               timers.o
    0x20001304   COMPRESSED   0x00000058   Data   RW          359    .data               new_events.o
    0x2000135c   COMPRESSED   0x00000020   Data   RW          488    .data               usb.o
    0x2000137c   COMPRESSED   0x00000054   Data   RW          489    .data               usb.o
    0x200013d0   COMPRESSED   0x00000006   Data   RW          490    .data               usb.o
    0x200013d6   COMPRESSED   0x00000006   Data   RW          491    .data               usb.o
    0x200013dc   COMPRESSED   0x00000004   Data   RW          583    .data               i2c.o
    0x200013e0   COMPRESSED   0x00000010   Data   RW          649    .data               mma8451.o
    0x200013f0   COMPRESSED   0x00000020   Data   RW          775    .data               lcd_text.o
    0x20001410   COMPRESSED   0x00000028   Data   RW          862    .data               touchscreen.o
    0x20001438   COMPRESSED   0x00000004   Data   RW         1017    .data               profile.o
    0x2000143c   COMPRESSED   0x00000004   Data   RW         1018    .data               profile.o
    0x20001440   COMPRESSED   0x00000004   Data   RW         1019    .data               profile.o
    0x20001444   COMPRESSED   0x00000001   Data   RW         1020    .data               profile.o
    0x20001445   COMPRESSED   0x00000003   PAD
    0x20001448   COMPRESSED   0x00000004   Data   RW         1073    .data               region.o
    0x2000144c   COMPRESSED   0x00000001   Data   RW         3178    .data               os_systick.o
    0x2000144d   COMPRESSED   0x00000003   PAD
    0x20001450   COMPRESSED   0x00000004   Data   RW         3392    .data               system_mkl25z4.o
    0x20001454   COMPRESSED   0x000000a4   Data   RW         1872    .data.os            rtx_kernel.o
    0x200014f8   COMPRESSED   0x00000108   PAD
    0x20001600        -       0x00000060   Zero   RW          484    .bss                usb.o
    0x20001660        -       0x00000080   Zero   RW          485    .bss                usb.o
    0x200016e0        -       0x00000010   Zero   RW          486    .bss                usb.o
    0x200016f0        -       0x00000010   Zero   RW          487    .bss                usb.o
    0x20001700        -       0x000004e4   Zero   RW         3282    .bss.noinit         eventrecorder.o
    0x20001be4   COMPRESSED   0x00000004   PAD
    0x20001be8        -       0x00000300   Zero   RW         3378    STACK               startup_mkl25z4.o


==============================================================================

Image component sizes


      Code (inc. data)   RO Data    RW Data    ZI Data      Debug   Object Name

       324         20          0          0          0        577   debug.o
        24          6          0          0          0       5380   delay.o
         0          0        344          0          0       7189   descriptor.o
       944         86         24          0       1252      15518   eventrecorder.o
       556         40          0          4          0       3948   i2c.o
       164          8          0          0          0        600   irq_cm0.o
       522          0          0          0          0       4321   lcd_graphics.o
       804         88          0         32          0       5535   lcd_text.o
       156         22          0          0          0        963   leds.o
         0          0       3831          0          0        618   lucida_12x19.o
       128         22          0          0          0      14338   main.o
       166          8          0         16          0       1322   mma8451.o
       258         18          0         88          0      13025   new_events.o
       142         36          0          1          0       2424   os_systick.o
         0          0          0         13          0        374   profile.o
         0          0         36          4          0       1090   region.o
        14          4          0          0          0        825   rtx_config.o
       120         12          0          0          0      10846   rtx_delay.o
       764         30          0          0          0      15015   rtx_evflags.o
       564        138          0          0          0      30152   rtx_evr.o
       590         40         11        164          0      18683   rtx_kernel.o
         2          0        260       4828          0       9678   rtx_lib.o
       224          0          0          0          0       3691   rtx_memory.o
       190          0          0          0          0       4331   rtx_mempool.o
      1628         36          0          0          0      19300   rtx_msgqueue.o
        70          0          0          0          0       1649   rtx_mutex.o
       382         36          0          0          0      10957   rtx_system.o
      1710        102          0          0          0      24778   rtx_thread.o
       220         22          0          0          0       2947   rtx_timer.o
       914         56        142          0          0       6081   st7789.o
        56         30        192          0        768        796   startup_mkl25z4.o
       232         46          0          4          0        759   system_mkl25z4.o
         0          0          0          0          0        533   t6963.o
       512         66        160         32          0     219430   threads.o
       288         58          0          4          0       2680   timers.o
       460         30          0         40          0       2899   touchscreen.o
      1312        150          0        128        256      16597   usb.o

    ----------------------------------------------------------------------
     14466       1210       5036       5368       2544     479849   Object Totals
         0          0         32          0          0          0   (incl. Generated)
        26          0          4         10        268          0   (incl. Padding)

    ----------------------------------------------------------------------

      Code (inc. data)   RO Data    RW Data    ZI Data      Debug   Library Member Name

        86          0          0          0          0          0   __dczerorl2.o
         0          0          0          0          0          0   entry.o
         0          0          0          0          0          0   entry10a.o
         0          0          0          0          0          0   entry11a.o
         8          4          0          0          0          0   entry2.o
         4          0          0          0          0          0   entry5.o
         0          0          0          0          0          0   entry7b.o
         0          0          0          0          0          0   entry8b.o
         8          4          0          0          0          0   entry9a.o
        30          0          0          0          0          0   handlers.o
        40          0          0          0          0         72   idiv.o
        36          8          0          0          0         68   init.o
        36          0          0          0          0         60   memcpya.o
        36          0          0          0          0        100   memseta.o
        44          0          0          0          0         72   uidiv.o

    ----------------------------------------------------------------------
       330         16          0          0          0        372   Library Totals
         2          0          0          0          0          0   (incl. Padding)

    ----------------------------------------------------------------------

      Code (inc. data)   RO Data    RW Data    ZI Data      Debug   Library Name

       328         16          0          0          0        372   mc_p.l

    ----------------------------------------------------------------------
       330         16          0          0          0        372   Library Totals

    ----------------------------------------------------------------------

==============================================================================


      Code (inc. data)   RO Data    RW Data    ZI Data      Debug   

     14796       1226       5036       5368       2544     472429   Grand Totals
     14796       1226       5036        148       2544     472429   ELF Image Totals (compressed)
     14796       1226       5036        148          0          0   ROM Totals

==============================================================================

    Total RO  Size (Code + RO Data)                19832 (  19.37kB)
    Total RW  Size (RW Data + ZI Data)              7912 (   7.73kB)
    Total ROM Size (Code + RO Data + RW Data)      19980 (  19.51kB)

==============================================================================

